Component: ARM Compiler 5.06 update 5 (build 528) Tool: armlink [4d35e2]

==============================================================================

Section Cross References

    glcd_spi_lpc1700.o(i.GLCD_Bargraph) refers to glcd_spi_lpc1700.o(i.GLCD_SetWindow) for GLCD_SetWindow
    glcd_spi_lpc1700.o(i.GLCD_Bargraph) refers to glcd_spi_lpc1700.o(i.wr_cmd) for wr_cmd
    glcd_spi_lpc1700.o(i.GLCD_Bargraph) refers to glcd_spi_lpc1700.o(i.wr_dat_start) for wr_dat_start
    glcd_spi_lpc1700.o(i.GLCD_Bargraph) refers to glcd_spi_lpc1700.o(i.wr_dat_only) for wr_dat_only
    glcd_spi_lpc1700.o(i.GLCD_Bargraph) refers to glcd_spi_lpc1700.o(i.wr_dat_stop) for wr_dat_stop
    glcd_spi_lpc1700.o(i.GLCD_Bargraph) refers to glcd_spi_lpc1700.o(.data) for Color
    glcd_spi_lpc1700.o(i.GLCD_Bitmap) refers to glcd_spi_lpc1700.o(i.GLCD_SetWindow) for GLCD_SetWindow
    glcd_spi_lpc1700.o(i.GLCD_Bitmap) refers to glcd_spi_lpc1700.o(i.wr_cmd) for wr_cmd
    glcd_spi_lpc1700.o(i.GLCD_Bitmap) refers to glcd_spi_lpc1700.o(i.wr_dat_start) for wr_dat_start
    glcd_spi_lpc1700.o(i.GLCD_Bitmap) refers to glcd_spi_lpc1700.o(i.wr_dat_only) for wr_dat_only
    glcd_spi_lpc1700.o(i.GLCD_Bitmap) refers to glcd_spi_lpc1700.o(i.wr_dat_stop) for wr_dat_stop
    glcd_spi_lpc1700.o(i.GLCD_Clear) refers to glcd_spi_lpc1700.o(i.GLCD_WindowMax) for GLCD_WindowMax
    glcd_spi_lpc1700.o(i.GLCD_Clear) refers to glcd_spi_lpc1700.o(i.wr_cmd) for wr_cmd
    glcd_spi_lpc1700.o(i.GLCD_Clear) refers to glcd_spi_lpc1700.o(i.wr_dat_start) for wr_dat_start
    glcd_spi_lpc1700.o(i.GLCD_Clear) refers to glcd_spi_lpc1700.o(i.wr_dat_only) for wr_dat_only
    glcd_spi_lpc1700.o(i.GLCD_Clear) refers to glcd_spi_lpc1700.o(i.wr_dat_stop) for wr_dat_stop
    glcd_spi_lpc1700.o(i.GLCD_ClearLn) refers to glcd_spi_lpc1700.o(i.GLCD_WindowMax) for GLCD_WindowMax
    glcd_spi_lpc1700.o(i.GLCD_ClearLn) refers to glcd_spi_lpc1700.o(i.GLCD_DisplayString) for GLCD_DisplayString
    glcd_spi_lpc1700.o(i.GLCD_DisplayChar) refers to glcd_spi_lpc1700.o(i.GLCD_DrawChar) for GLCD_DrawChar
    glcd_spi_lpc1700.o(i.GLCD_DisplayChar) refers to glcd_spi_lpc1700.o(.constdata) for Font_6x8_h
    glcd_spi_lpc1700.o(i.GLCD_DisplayString) refers to glcd_spi_lpc1700.o(i.GLCD_DisplayChar) for GLCD_DisplayChar
    glcd_spi_lpc1700.o(i.GLCD_DrawChar) refers to glcd_spi_lpc1700.o(i.GLCD_SetWindow) for GLCD_SetWindow
    glcd_spi_lpc1700.o(i.GLCD_DrawChar) refers to glcd_spi_lpc1700.o(i.wr_cmd) for wr_cmd
    glcd_spi_lpc1700.o(i.GLCD_DrawChar) refers to glcd_spi_lpc1700.o(i.wr_dat_start) for wr_dat_start
    glcd_spi_lpc1700.o(i.GLCD_DrawChar) refers to glcd_spi_lpc1700.o(i.wr_dat_only) for wr_dat_only
    glcd_spi_lpc1700.o(i.GLCD_DrawChar) refers to glcd_spi_lpc1700.o(i.wr_dat_stop) for wr_dat_stop
    glcd_spi_lpc1700.o(i.GLCD_DrawChar) refers to glcd_spi_lpc1700.o(.data) for Color
    glcd_spi_lpc1700.o(i.GLCD_Init) refers to glcd_spi_lpc1700.o(i.rd_id_man) for rd_id_man
    glcd_spi_lpc1700.o(i.GLCD_Init) refers to glcd_spi_lpc1700.o(i.rd_reg) for rd_reg
    glcd_spi_lpc1700.o(i.GLCD_Init) refers to glcd_spi_lpc1700.o(i.wr_reg) for wr_reg
    glcd_spi_lpc1700.o(i.GLCD_Init) refers to glcd_spi_lpc1700.o(i.delay) for delay
    glcd_spi_lpc1700.o(i.GLCD_Init) refers to glcd_spi_lpc1700.o(.data) for Himax
    glcd_spi_lpc1700.o(i.GLCD_PutPixel) refers to glcd_spi_lpc1700.o(i.wr_reg) for wr_reg
    glcd_spi_lpc1700.o(i.GLCD_PutPixel) refers to glcd_spi_lpc1700.o(i.wr_cmd) for wr_cmd
    glcd_spi_lpc1700.o(i.GLCD_PutPixel) refers to glcd_spi_lpc1700.o(i.wr_dat) for wr_dat
    glcd_spi_lpc1700.o(i.GLCD_PutPixel) refers to glcd_spi_lpc1700.o(.data) for Himax
    glcd_spi_lpc1700.o(i.GLCD_SetBackColor) refers to glcd_spi_lpc1700.o(.data) for Color
    glcd_spi_lpc1700.o(i.GLCD_SetTextColor) refers to glcd_spi_lpc1700.o(.data) for Color
    glcd_spi_lpc1700.o(i.GLCD_SetWindow) refers to glcd_spi_lpc1700.o(i.wr_reg) for wr_reg
    glcd_spi_lpc1700.o(i.GLCD_SetWindow) refers to glcd_spi_lpc1700.o(.data) for Himax
    glcd_spi_lpc1700.o(i.GLCD_WindowMax) refers to glcd_spi_lpc1700.o(i.GLCD_SetWindow) for GLCD_SetWindow
    glcd_spi_lpc1700.o(i.GLCD_WrCmd) refers to glcd_spi_lpc1700.o(i.wr_cmd) for wr_cmd
    glcd_spi_lpc1700.o(i.GLCD_WrReg) refers to glcd_spi_lpc1700.o(i.wr_reg) for wr_reg
    glcd_spi_lpc1700.o(i.rd_id_man) refers to glcd_spi_lpc1700.o(i.spi_tran_man) for spi_tran_man
    glcd_spi_lpc1700.o(i.rd_reg) refers to glcd_spi_lpc1700.o(i.wr_cmd) for wr_cmd
    glcd_spi_lpc1700.o(i.rd_reg) refers to glcd_spi_lpc1700.o(i.spi_tran) for spi_tran
    glcd_spi_lpc1700.o(i.spi_tran_man) refers to glcd_spi_lpc1700.o(i.delay) for delay
    glcd_spi_lpc1700.o(i.wr_cmd) refers to glcd_spi_lpc1700.o(i.spi_tran) for spi_tran
    glcd_spi_lpc1700.o(i.wr_dat) refers to glcd_spi_lpc1700.o(i.spi_tran) for spi_tran
    glcd_spi_lpc1700.o(i.wr_dat_only) refers to glcd_spi_lpc1700.o(i.spi_tran) for spi_tran
    glcd_spi_lpc1700.o(i.wr_dat_start) refers to glcd_spi_lpc1700.o(i.spi_tran) for spi_tran
[...]
    i.GLCD_Clear                             0x0000095a   Section        0  glcd_spi_lpc1700.o(i.GLCD_Clear)
    i.GLCD_DisplayChar                       0x00000984   Section        0  glcd_spi_lpc1700.o(i.GLCD_DisplayChar)
    i.GLCD_DisplayString                     0x000009e0   Section        0  glcd_spi_lpc1700.o(i.GLCD_DisplayString)
    i.GLCD_DrawChar                          0x00000a08   Section        0  glcd_spi_lpc1700.o(i.GLCD_DrawChar)
    i.GLCD_Init                              0x00000aa4   Section        0  glcd_spi_lpc1700.o(i.GLCD_Init)
    i.GLCD_SetBackColor                      0x0000108c   Section        0  glcd_spi_lpc1700.o(i.GLCD_SetBackColor)
    i.GLCD_SetTextColor                      0x00001098   Section        0  glcd_spi_lpc1700.o(i.GLCD_SetTextColor)
    i.GLCD_SetWindow                         0x000010a4   Section        0  glcd_spi_lpc1700.o(i.GLCD_SetWindow)
    i.GLCD_WindowMax                         0x00001150   Section        0  glcd_spi_lpc1700.o(i.GLCD_WindowMax)
    i.IsIrqMasked                            0x00001162   Section        0  rtx_delay.o(i.IsIrqMasked)
    IsIrqMasked                              0x00001163   Thumb Code    24  rtx_delay.o(i.IsIrqMasked)
    i.IsIrqMasked                            0x0000117a   Section        0  rtx_kernel.o(i.IsIrqMasked)
    IsIrqMasked                              0x0000117b   Thumb Code    24  rtx_kernel.o(i.IsIrqMasked)
    i.IsIrqMasked                            0x00001192   Section        0  rtx_msgqueue.o(i.IsIrqMasked)
    IsIrqMasked                              0x00001193   Thumb Code    24  rtx_msgqueue.o(i.IsIrqMasked)
    i.IsIrqMasked                            0x000011aa   Section        0  rtx_mutex.o(i.IsIrqMasked)
    IsIrqMasked                              0x000011ab   Thumb Code    24  rtx_mutex.o(i.IsIrqMasked)
    i.IsIrqMasked                            0x000011c2   Section        0  rtx_thread.o(i.IsIrqMasked)
    IsIrqMasked                              0x000011c3   Thumb Code    24  rtx_thread.o(i.IsIrqMasked)
    i.IsIrqMode                              0x000011da   Section        0  rtx_delay.o(i.IsIrqMode)
    IsIrqMode                                0x000011db   Thumb Code    16  rtx_delay.o(i.IsIrqMode)
    i.IsIrqMode                              0x000011ea   Section        0  rtx_kernel.o(i.IsIrqMode)
    IsIrqMode                                0x000011eb   Thumb Code    16  rtx_kernel.o(i.IsIrqMode)
    i.IsIrqMode                              0x000011fa   Section        0  rtx_msgqueue.o(i.IsIrqMode)
    IsIrqMode                                0x000011fb   Thumb Code    16  rtx_msgqueue.o(i.IsIrqMode)
    i.IsIrqMode                              0x0000120a   Section        0  rtx_mutex.o(i.IsIrqMode)
    IsIrqMode                                0x0000120b   Thumb Code    16  rtx_mutex.o(i.IsIrqMode)
    i.IsIrqMode                              0x0000121a   Section        0  rtx_thread.o(i.IsIrqMode)
    IsIrqMode                                0x0000121b   Thumb Code    16  rtx_thread.o(i.IsIrqMode)
    i.MemBlockPtr                            0x0000122a   Section        0  rtx_memory.o(i.MemBlockPtr)
    MemBlockPtr                              0x0000122b   Thumb Code    10  rtx_memory.o(i.MemBlockPtr)
    i.MessageQueueGet                        0x00001234   Section        0  rtx_msgqueue.o(i.MessageQueueGet)
    MessageQueueGet                          0x00001235   Thumb Code    52  rtx_msgqueue.o(i.MessageQueueGet)
    i.MessageQueuePut                        0x00001268   Section        0  rtx_msgqueue.o(i.MessageQueuePut)
    MessageQueuePut                          0x00001269   Thumb Code    76  rtx_msgqueue.o(i.MessageQueuePut)
    i.MessageQueueRemove                     0x000012b4   Section        0  rtx_msgqueue.o(i.MessageQueueRemove)
    MessageQueueRemove                       0x000012b5   Thumb Code    34  rtx_msgqueue.o(i.MessageQueueRemove)
    i.OS_Tick_AcknowledgeIRQ                 0x000012d6   Section        0  os_systick.o(i.OS_Tick_AcknowledgeIRQ)
    i.OS_Tick_Enable                         0x000012e0   Section        0  os_systick.o(i.OS_Tick_Enable)
    i.OS_Tick_GetIRQn                        0x00001310   Section        0  os_systick.o(i.OS_Tick_GetIRQn)
    i.OS_Tick_Setup                          0x00001318   Section        0  os_systick.o(i.OS_Tick_Setup)
    i.SystemInit                             0x00001368   Section        0  system_lpc17xx.o(i.SystemInit)
    i.ThreadFlagsCheck                       0x000014a8   Section        0  rtx_thread.o(i.ThreadFlagsCheck)
    ThreadFlagsCheck                         0x000014a9   Thumb Code    86  rtx_thread.o(i.ThreadFlagsCheck)
    i.TimerInsert                            0x00001500   Section        0  rtx_timer.o(i.TimerInsert)
    TimerInsert                              0x00001501   Thumb Code    58  rtx_timer.o(i.TimerInsert)
    i.TimerUnlink                            0x00001540   Section        0  rtx_timer.o(i.TimerUnlink)
    TimerUnlink                              0x00001541   Thumb Code    18  rtx_timer.o(i.TimerUnlink)
    i.UART0_IRQHandler                       0x00001558   Section        0  uart.o(i.UART0_IRQHandler)
    i.UART1_IRQHandler                       0x000015c0   Section        0  uart.o(i.UART1_IRQHandler)
    i.UARTInit                               0x00001630   Section        0  uart.o(i.UARTInit)
    i.UARTSendChar                           0x000016ec   Section        0  uart.o(i.UARTSendChar)
    i.__0printf$1                            0x00001710   Section        0  printf1.o(i.__0printf$1)
    i.__0sprintf$1                           0x00001730   Section        0  printf1.o(i.__0sprintf$1)
    i.__NVIC_EnableIRQ                       0x00001758   Section        0  uart.o(i.__NVIC_EnableIRQ)
    __NVIC_EnableIRQ                         0x00001759   Thumb Code    26  uart.o(i.__NVIC_EnableIRQ)
    i.__scatterload_copy                     0x00001772   Section       14  handlers.o(i.__scatterload_copy)
    i.__scatterload_null                     0x00001780   Section        2  handlers.o(i.__scatterload_null)
    i.__scatterload_zeroinit                 0x00001782   Section       14  handlers.o(i.__scatterload_zeroinit)
    i._printf_core                           0x00001790   Section        0  printf1.o(i._printf_core)
    _printf_core                             0x00001791   Thumb Code   336  printf1.o(i._printf_core)
    i._sputc                                 0x000018e4   Section        0  printf1.o(i._sputc)
    _sputc                                   0x000018e5   Thumb Code    10  printf1.o(i._sputc)
    i.delay                                  0x000018ee   Section        0  glcd_spi_lpc1700.o(i.delay)
    delay                                    0x000018ef   Thumb Code    14  glcd_spi_lpc1700.o(i.delay)
    i.display                                0x000018fc   Section        0  main.o(i.display)
    i.drawApple                              0x00001978   Section        0  apple.o(i.drawApple)
    i.fputc                                  0x00001994   Section        0  retarget.o(i.fputc)
    i.gameOver                               0x000019a4   Section        0  main.o(i.gameOver)
    i.getFrequency                           0x00001a54   Section        0  uart.o(i.getFrequency)
    i.hitSelf                                0x00001a9c   Section        0  main.o(i.hitSelf)
    i.isrRtxMessageQueueGet                  0x00001ad4   Section        0  rtx_msgqueue.o(i.isrRtxMessageQueueGet)
    isrRtxMessageQueueGet                    0x00001ad5   Thumb Code   150  rtx_msgqueue.o(i.isrRtxMessageQueueGet)
    i.isrRtxMessageQueuePut                  0x00001b6a   Section        0  rtx_msgqueue.o(i.isrRtxMessageQueuePut)
    isrRtxMessageQueuePut                    0x00001b6b   Thumb Code   158  rtx_msgqueue.o(i.isrRtxMessageQueuePut)
    i.isr_queue_get                          0x00001c08   Section        0  rtx_system.o(i.isr_queue_get)
    isr_queue_get                            0x00001c09   Thumb Code    46  rtx_system.o(i.isr_queue_get)
    i.isr_queue_put                          0x00001c3c   Section        0  rtx_system.o(i.isr_queue_put)
    isr_queue_put                            0x00001c3d   Thumb Code    56  rtx_system.o(i.isr_queue_put)
    i.main                                   0x00001c78   Section        0  main.o(i.main)
    i.malloc                                 0x00001d04   Section        0  malloc.o(i.malloc)
    i.moveSnek                               0x00001d70   Section        0  main.o(i.moveSnek)
    i.osDelay                                0x00001f10   Section        0  rtx_delay.o(i.osDelay)
    i.osKernelGetTickFreq                    0x00001f4c   Section        0  rtx_kernel.o(i.osKernelGetTickFreq)
    i.osKernelInitialize                     0x00001f78   Section        0  rtx_kernel.o(i.osKernelInitialize)
    i.osKernelStart                          0x00001fac   Section        0  rtx_kernel.o(i.osKernelStart)
    i.osMessageQueueGet                      0x00001fe0   Section        0  rtx_msgqueue.o(i.osMessageQueueGet)
    i.osMessageQueueNew                      0x00002034   Section        0  rtx_msgqueue.o(i.osMessageQueueNew)
    i.osMessageQueuePut                      0x00002080   Section        0  rtx_msgqueue.o(i.osMessageQueuePut)
    i.osMutexAcquire                         0x000020d4   Section        0  rtx_mutex.o(i.osMutexAcquire)
    i.osMutexNew                             0x00002118   Section        0  rtx_mutex.o(i.osMutexNew)
    i.osMutexRelease                         0x00002154   Section        0  rtx_mutex.o(i.osMutexRelease)
    i.osRtxErrorNotify                       0x00002190   Section        0  rtx_config.o(i.osRtxErrorNotify)
    i.osRtxIdleThread                        0x000021b0   Section        0  rtx_config.o(i.osRtxIdleThread)
    i.osRtxKernelGetState                    0x000021b4   Section        0  rtx_thread.o(i.osRtxKernelGetState)
    osRtxKernelGetState                      0x000021b5   Thumb Code     6  rtx_thread.o(i.osRtxKernelGetState)
    i.osRtxMemoryAlloc                       0x000021c0   Section        0  rtx_memory.o(i.osRtxMemoryAlloc)
    i.osRtxMemoryFree                        0x000022ae   Section        0  rtx_memory.o(i.osRtxMemoryFree)
    i.osRtxMemoryInit                        0x0000232a   Section        0  rtx_memory.o(i.osRtxMemoryInit)
    i.osRtxMemoryPoolAlloc                   0x00002394   Section        0  rtx_mempool.o(i.osRtxMemoryPoolAlloc)
    i.osRtxMemoryPoolFree                    0x000023ce   Section        0  rtx_mempool.o(i.osRtxMemoryPoolFree)
    i.osRtxMemoryPoolInit                    0x0000241c   Section        0  rtx_mempool.o(i.osRtxMemoryPoolInit)
    i.osRtxMessageQueuePostProcess           0x00002474   Section        0  rtx_msgqueue.o(i.osRtxMessageQueuePostProcess)
    osRtxMessageQueuePostProcess             0x00002475   Thumb Code   296  rtx_msgqueue.o(i.osRtxMessageQueuePostProcess)
    i.osRtxMutexOwnerRelease                 0x0000259c   Section        0  rtx_mutex.o(i.osRtxMutexOwnerRelease)
    i.osRtxPendSV_Handler                    0x000025fc   Section        0  rtx_system.o(i.osRtxPendSV_Handler)
    i.osRtxPostProcess                       0x00002680   Section        0  rtx_system.o(i.osRtxPostProcess)
    i.osRtxThreadBlock                       0x000026bc   Section        0  rtx_thread.o(i.osRtxThreadBlock)
    osRtxThreadBlock                         0x000026bd   Thumb Code    58  rtx_thread.o(i.osRtxThreadBlock)
    i.osRtxThreadDelayInsert                 0x000026fc   Section        0  rtx_thread.o(i.osRtxThreadDelayInsert)
    osRtxThreadDelayInsert                   0x000026fd   Thumb Code    98  rtx_thread.o(i.osRtxThreadDelayInsert)
    i.osRtxThreadDelayRemove                 0x00002764   Section        0  rtx_thread.o(i.osRtxThreadDelayRemove)
    osRtxThreadDelayRemove                   0x00002765   Thumb Code   110  rtx_thread.o(i.osRtxThreadDelayRemove)
    i.osRtxThreadDelayTick                   0x000027d8   Section        0  rtx_thread.o(i.osRtxThreadDelayTick)
    i.osRtxThreadDispatch                    0x000028b4   Section        0  rtx_thread.o(i.osRtxThreadDispatch)
    i.osRtxThreadFree                        0x00002924   Section        0  rtx_thread.o(i.osRtxThreadFree)
    osRtxThreadFree                          0x00002925   Thumb Code    92  rtx_thread.o(i.osRtxThreadFree)
    i.osRtxThreadGetRunning                  0x00002984   Section        0  rtx_thread.o(i.osRtxThreadGetRunning)
    osRtxThreadGetRunning                    0x00002985   Thumb Code     6  rtx_thread.o(i.osRtxThreadGetRunning)
    i.osRtxThreadListGet                     0x00002990   Section        0  rtx_thread.o(i.osRtxThreadListGet)
    i.osRtxThreadListPut                     0x000029ac   Section        0  rtx_thread.o(i.osRtxThreadListPut)
    i.osRtxThreadListRemove                  0x000029de   Section        0  rtx_thread.o(i.osRtxThreadListRemove)
    i.osRtxThreadListRoot                    0x000029f8   Section        0  rtx_thread.o(i.osRtxThreadListRoot)
    osRtxThreadListRoot                      0x000029f9   Thumb Code    18  rtx_thread.o(i.osRtxThreadListRoot)
    i.osRtxThreadListSort                    0x00002a0a   Section        0  rtx_thread.o(i.osRtxThreadListSort)
    i.osRtxThreadPostProcess                 0x00002a34   Section        0  rtx_thread.o(i.osRtxThreadPostProcess)
    osRtxThreadPostProcess                   0x00002a35   Thumb Code    64  rtx_thread.o(i.osRtxThreadPostProcess)
    i.osRtxThreadReadyPut                    0x00002a74   Section        0  rtx_thread.o(i.osRtxThreadReadyPut)
    i.osRtxThreadRegPtr                      0x00002a8c   Section        0  rtx_thread.o(i.osRtxThreadRegPtr)
    i.osRtxThreadSetRunning                  0x00002a9c   Section        0  rtx_thread.o(i.osRtxThreadSetRunning)
    osRtxThreadSetRunning                    0x00002a9d   Thumb Code     6  rtx_thread.o(i.osRtxThreadSetRunning)
    i.osRtxThreadStackCheck                  0x00002aa8   Section        0  rtx_thread.o(i.osRtxThreadStackCheck)
    i.osRtxThreadStartup                     0x00002ad4   Section        0  rtx_thread.o(i.osRtxThreadStartup)
    i.osRtxThreadSwitch                      0x00002b34   Section        0  rtx_thread.o(i.osRtxThreadSwitch)
    i.osRtxThreadWaitEnter                   0x00002b50   Section        0  rtx_thread.o(i.osRtxThreadWaitEnter)
    i.osRtxThreadWaitExit                    0x00002ba4   Section        0  rtx_thread.o(i.osRtxThreadWaitExit)
    i.osRtxTick_Handler                      0x00002bdc   Section        0  rtx_system.o(i.osRtxTick_Handler)
    i.osRtxTimerThread                       0x00002c7c   Section        0  rtx_timer.o(i.osRtxTimerThread)
    i.osRtxTimerTick                         0x00002cd4   Section        0  rtx_timer.o(i.osRtxTimerTick)
    osRtxTimerTick                           0x00002cd5   Thumb Code    88  rtx_timer.o(i.osRtxTimerTick)
    i.osThreadExit                           0x00002d30   Section        0  rtx_thread.o(i.osThreadExit)
    i.osThreadNew                            0x00002d50   Section        0  rtx_thread.o(i.osThreadNew)
    i.osThreadYield                          0x00002d9c   Section        0  rtx_thread.o(i.osThreadYield)
    i.placeApple                             0x00002dd4   Section        0  main.o(i.placeApple)
    i.pushButton                             0x00002e58   Section        0  main.o(i.pushButton)
    i.rd_id_man                              0x00002e8c   Section        0  glcd_spi_lpc1700.o(i.rd_id_man)
    rd_id_man                                0x00002e8d   Thumb Code   132  glcd_spi_lpc1700.o(i.rd_id_man)
    i.rd_reg                                 0x00002f18   Section        0  glcd_spi_lpc1700.o(i.rd_reg)
    rd_reg                                   0x00002f19   Thumb Code    66  glcd_spi_lpc1700.o(i.rd_reg)
    i.readJoy                                0x00002f60   Section        0  main.o(i.readJoy)
    i.reset                                  0x00002fe4   Section        0  main.o(i.reset)
    i.sendchar                               0x0000307c   Section        0  retarget.o(i.sendchar)
    i.spi_tran                               0x000030c0   Section        0  glcd_spi_lpc1700.o(i.spi_tran)
    spi_tran                                 0x000030c1   Thumb Code    28  glcd_spi_lpc1700.o(i.spi_tran)
    i.spi_tran_man                           0x000030e0   Section        0  glcd_spi_lpc1700.o(i.spi_tran_man)
    spi_tran_man                             0x000030e1   Thumb Code   124  glcd_spi_lpc1700.o(i.spi_tran_man)
    i.start                                  0x00003160   Section        0  main.o(i.start)
    i.svcRtxDelay                            0x0000321c   Section        0  rtx_delay.o(i.svcRtxDelay)
    svcRtxDelay                              0x0000321d   Thumb Code    24  rtx_delay.o(i.svcRtxDelay)
    i.svcRtxKernelGetTickFreq                0x00003234   Section        0  rtx_kernel.o(i.svcRtxKernelGetTickFreq)
    svcRtxKernelGetTickFreq                  0x00003235   Thumb Code    16  rtx_kernel.o(i.svcRtxKernelGetTickFreq)
    i.svcRtxKernelInitialize                 0x00003248   Section        0  rtx_kernel.o(i.svcRtxKernelInitialize)
    svcRtxKernelInitialize                   0x00003249   Thumb Code   602  rtx_kernel.o(i.svcRtxKernelInitialize)
    i.svcRtxKernelStart                      0x000034ac   Section        0  rtx_kernel.o(i.svcRtxKernelStart)
    svcRtxKernelStart                        0x000034ad   Thumb Code   216  rtx_kernel.o(i.svcRtxKernelStart)
    i.svcRtxMessageQueueGet                  0x00003594   Section        0  rtx_msgqueue.o(i.svcRtxMessageQueueGet)
    svcRtxMessageQueueGet                    0x00003595   Thumb Code   340  rtx_msgqueue.o(i.svcRtxMessageQueueGet)
    i.svcRtxMessageQueueNew                  0x000036ec   Section        0  rtx_msgqueue.o(i.svcRtxMessageQueueNew)
    svcRtxMessageQueueNew                    0x000036ed   Thumb Code   400  rtx_msgqueue.o(i.svcRtxMessageQueueNew)
    i.svcRtxMessageQueuePut                  0x00003884   Section        0  rtx_msgqueue.o(i.svcRtxMessageQueuePut)
    svcRtxMessageQueuePut                    0x00003885   Thumb Code   316  rtx_msgqueue.o(i.svcRtxMessageQueuePut)
    i.svcRtxMutexAcquire                     0x000039c4   Section        0  rtx_mutex.o(i.svcRtxMutexAcquire)
    svcRtxMutexAcquire                       0x000039c5   Thumb Code   284  rtx_mutex.o(i.svcRtxMutexAcquire)
    i.svcRtxMutexNew                         0x00003ae4   Section        0  rtx_mutex.o(i.svcRtxMutexNew)
    svcRtxMutexNew                           0x00003ae5   Thumb Code   172  rtx_mutex.o(i.svcRtxMutexNew)
    i.svcRtxMutexRelease                     0x00003b94   Section        0  rtx_mutex.o(i.svcRtxMutexRelease)
    svcRtxMutexRelease                       0x00003b95   Thumb Code   280  rtx_mutex.o(i.svcRtxMutexRelease)
    i.svcRtxThreadExit                       0x00003cb0   Section        0  rtx_thread.o(i.svcRtxThreadExit)
    svcRtxThreadExit                         0x00003cb1   Thumb Code   142  rtx_thread.o(i.svcRtxThreadExit)
    i.svcRtxThreadNew                        0x00003d44   Section        0  rtx_thread.o(i.svcRtxThreadNew)
    svcRtxThreadNew                          0x00003d45   Thumb Code   608  rtx_thread.o(i.svcRtxThreadNew)
    i.svcRtxThreadYield                      0x00003fb8   Section        0  rtx_thread.o(i.svcRtxThreadYield)
    svcRtxThreadYield                        0x00003fb9   Thumb Code    66  rtx_thread.o(i.svcRtxThreadYield)
    i.turnOn                                 0x00004000   Section        0  main.o(i.turnOn)
    i.wr_cmd                                 0x000040ac   Section        0  glcd_spi_lpc1700.o(i.wr_cmd)
    wr_cmd                                   0x000040ad   Thumb Code    36  glcd_spi_lpc1700.o(i.wr_cmd)
    i.wr_dat                                 0x000040d4   Section        0  glcd_spi_lpc1700.o(i.wr_dat)
    wr_dat                                   0x000040d5   Thumb Code    36  glcd_spi_lpc1700.o(i.wr_dat)
    i.wr_dat_only                            0x000040fc   Section        0  glcd_spi_lpc1700.o(i.wr_dat_only)
    wr_dat_only                              0x000040fd   Thumb Code    18  glcd_spi_lpc1700.o(i.wr_dat_only)
    i.wr_dat_start                           0x00004110   Section        0  glcd_spi_lpc1700.o(i.wr_dat_start)
    wr_dat_start                             0x00004111   Thumb Code    16  glcd_spi_lpc1700.o(i.wr_dat_start)
    i.wr_dat_stop                            0x00004124   Section        0  glcd_spi_lpc1700.o(i.wr_dat_stop)
    wr_dat_stop                              0x00004125   Thumb Code     8  glcd_spi_lpc1700.o(i.wr_dat_stop)
    i.wr_reg                                 0x00004130   Section        0  glcd_spi_lpc1700.o(i.wr_reg)
    wr_reg                                   0x00004131   Thumb Code    20  glcd_spi_lpc1700.o(i.wr_reg)
    .constdata                               0x00004144   Section     6272  glcd_spi_lpc1700.o(.constdata)
    .constdata                               0x000059c4   Section      801  apple.o(.constdata)
    APPLE_pixel_data                         0x000059c4   Data         801  apple.o(.constdata)
    .constdata                               0x00005ce8   Section      100  rtx_lib.o(.constdata)
    os_idle_thread_attr                      0x00005ce8   Data          36  rtx_lib.o(.constdata)
    os_timer_thread_attr                     0x00005d0c   Data          36  rtx_lib.o(.constdata)
    os_timer_mq_attr                         0x00005d30   Data          24  rtx_lib.o(.constdata)
    .conststrlit                             0x00005d4c   Section       11  rtx_kernel.o(.conststrlit)
    .rodata                                  0x00005d58   Section      104  rtx_lib.o(.rodata)
    __tagsym$$used                           0x00005d58   Number         0  rtx_lib.o(.rodata)
    .bss.os                                  0x10000000   Section     4160  rtx_lib.o(.bss.os)
    os_mem                                   0x10000000   Data        4096  rtx_lib.o(.bss.os)
    os_isr_queue                             0x10001000   Data          64  rtx_lib.o(.bss.os)
    .bss.os.msgqueue.cb                      0x10001040   Section       52  rtx_lib.o(.bss.os.msgqueue.cb)
    os_timer_mq_cb                           0x10001040   Data          52  rtx_lib.o(.bss.os.msgqueue.cb)
    .bss.os.msgqueue.mem                     0x10001074   Section       80  rtx_lib.o(.bss.os.msgqueue.mem)
    os_timer_mq_data                         0x10001074   Data          80  rtx_lib.o(.bss.os.msgqueue.mem)
    .bss.os.thread.cb                        0x100010c4   Section      136  rtx_lib.o(.bss.os.thread.cb)
    os_idle_thread_cb                        0x100010c4   Data          68  rtx_lib.o(.bss.os.thread.cb)
    os_timer_thread_cb                       0x10001108   Data          68  rtx_lib.o(.bss.os.thread.cb)
    .bss.os.thread.stack                     0x10001150   Section      512  rtx_lib.o(.bss.os.thread.stack)
    os_idle_thread_stack                     0x10001150   Data         256  rtx_lib.o(.bss.os.thread.stack)
    os_timer_thread_stack                    0x10001250   Data         256  rtx_lib.o(.bss.os.thread.stack)
    .data                                    0x10001350   Section        5  glcd_spi_lpc1700.o(.data)
    Color                                    0x10001350   Data           4  glcd_spi_lpc1700.o(.data)
    Himax                                    0x10001354   Data           1  glcd_spi_lpc1700.o(.data)
    .data                                    0x10001358   Section       12  retarget.o(.data)
    .data                                    0x10001364   Section       32  uart.o(.data)
    .data                                    0x10001384   Section       24  main.o(.data)
    .data                                    0x1000139c   Section        1  os_systick.o(.data)
    PendST                                   0x1000139c   Data           1  os_systick.o(.data)
    .data                                    0x100013a0   Section        4  system_lpc17xx.o(.data)
    .data                                    0x100013a4   Section        4  rand.o(.data)
    _rand_state                              0x100013a4   Data           4  rand.o(.data)
    .data                                    0x100013a8   Section        4  mvars.o(.data)
    .data                                    0x100013ac   Section        4  mvars.o(.data)
    .data.os                                 0x100013b0   Section      164  rtx_kernel.o(.data.os)
    .bss                                     0x10001454   Section      128  uart.o(.bss)
    HEAP                                     0x100014d8   Section     8192  startup_lpc17xx.o(HEAP)
    STACK                                    0x100034d8   Section     8192  startup_lpc17xx.o(STACK)

    Global Symbols

    Symbol Name                              Value     Ov Type        Size  Object(Section)

    BuildAttributes$$THM_ISAv4$P$D$K$B$S$PE$A:L22UL41UL21$X:L11$S22US41US21$IEEE1$IW$USESV6$~STKCKD$USESV7$~SHL$OSPACE$ROPI$EBA8$MICROLIB$REQ8$PRES8$EABIv2 0x00000000   Number         0  anon$$obj.o ABSOLUTE
    __ARM_use_no_argv                        0x00000000   Number         0  main.o ABSOLUTE
    __Vectors                                0x00000000   Data           4  startup_lpc17xx.o(RESET)
    _printf_a                                0x00000000   Number         0  stubs.o ABSOLUTE
    _printf_c                                0x00000000   Number         0  stubs.o ABSOLUTE
    _printf_charcount                        0x00000000   Number         0  stubs.o ABSOLUTE
    _printf_d                                0x00000000   Number         0  stubs.o ABSOLUTE
    _printf_e                                0x00000000   Number         0  stubs.o ABSOLUTE
    _printf_f                                0x00000000   Number         0  stubs.o ABSOLUTE
    _printf_flags                            0x00000000   Number         0  stubs.o ABSOLUTE
    _printf_fp_dec                           0x00000000   Number         0  stubs.o ABSOLUTE
    _printf_fp_hex                           0x00000000   Number         0  stubs.o ABSOLUTE
    _printf_g                                0x00000000   Number         0  stubs.o ABSOLUTE
    _printf_i                                0x00000000   Number         0  stubs.o ABSOLUTE
    _printf_int_dec                          0x00000000   Number         0  stubs.o ABSOLUTE
    _printf_l                                0x00000000   Number         0  stubs.o ABSOLUTE
    _printf_lc                               0x00000000   Number         0  stubs.o ABSOLUTE
    _printf_ll                               0x00000000   Number         0  stubs.o ABSOLUTE
    _printf_lld                              0x00000000   Number         0  stubs.o ABSOLUTE
    _printf_lli                              0x00000000   Number         0  stubs.o ABSOLUTE
    _printf_llo                              0x00000000   Number         0  stubs.o ABSOLUTE
    _printf_llu                              0x00000000   Number         0  stubs.o ABSOLUTE
    _printf_llx                              0x00000000   Number         0  stubs.o ABSOLUTE
    _printf_longlong_dec                     0x00000000   Number         0  stubs.o ABSOLUTE
    _printf_longlong_hex                     0x00000000   Number         0  stubs.o ABSOLUTE
    _printf_longlong_oct                     0x00000000   Number         0  stubs.o ABSOLUTE
    _printf_ls                               0x00000000   Number         0  stubs.o ABSOLUTE
    _printf_mbtowc                           0x00000000   Number         0  stubs.o ABSOLUTE
    _printf_n                                0x00000000   Number         0  stubs.o ABSOLUTE
    _printf_o                                0x00000000   Number         0  stubs.o ABSOLUTE
    _printf_p                                0x00000000   Number         0  stubs.o ABSOLUTE
    _printf_percent                          0x00000000   Number         0  stubs.o ABSOLUTE
    _printf_pre_padding                      0x00000000   Number         0  stubs.o ABSOLUTE
    _printf_return_value                     0x00000000   Number         0  stubs.o ABSOLUTE
    _printf_s                                0x00000000   Number         0  stubs.o ABSOLUTE
    _printf_sizespec                         0x00000000   Number         0  stubs.o ABSOLUTE
    _printf_str                              0x00000000   Number         0  stubs.o ABSOLUTE
    _printf_truncate_signed                  0x00000000   Number         0  stubs.o ABSOLUTE
    _printf_truncate_unsigned                0x00000000   Number         0  stubs.o ABSOLUTE
    _printf_u                                0x00000000   Number         0  stubs.o ABSOLUTE
    _printf_wc                               0x00000000   Number         0  stubs.o ABSOLUTE
    _printf_wctomb                           0x00000000   Number         0  stubs.o ABSOLUTE
    _printf_widthprec                        0x00000000   Number         0  stubs.o ABSOLUTE
    _printf_x                                0x00000000   Number         0  stubs.o ABSOLUTE
    .bss.os.evflags.cb$$Base                  - Undefined Weak Reference
    .bss.os.evflags.cb$$Limit                 - Undefined Weak Reference
    .bss.os.mempool.cb$$Base                  - Undefined Weak Reference
    .bss.os.mempool.cb$$Limit                 - Undefined Weak Reference
    .bss.os.mutex.cb$$Base                    - Undefined Weak Reference
    .bss.os.mutex.cb$$Limit                   - Undefined Weak Reference
    .bss.os.semaphore.cb$$Base                - Undefined Weak Reference
    .bss.os.semaphore.cb$$Limit               - Undefined Weak Reference
    .bss.os.timer.cb$$Base                    - Undefined Weak Reference
    .bss.os.timer.cb$$Limit                   - Undefined Weak Reference
    __cpp_initialize__aeabi_                  - Undefined Weak Reference
    __cxa_finalize                            - Undefined Weak Reference
    _clock_init                               - Undefined Weak Reference
    _microlib_exit                            - Undefined Weak Reference
    __main                                   0x000000cd   Thumb Code     0  entry.o(.ARM.Collect$$$$00000000)
    _main_stk                                0x000000cd   Thumb Code     0  entry2.o(.ARM.Collect$$$$00000001)
    _main_scatterload                        0x000000d1   Thumb Code     0  entry5.o(.ARM.Collect$$$$00000004)
    __main_after_scatterload                 0x000000d5   Thumb Code     0  entry5.o(.ARM.Collect$$$$00000004)
    _main_clock                              0x000000d5   Thumb Code     0  entry7b.o(.ARM.Collect$$$$00000008)
    _main_cpp_init                           0x000000d5   Thumb Code     0  entry8b.o(.ARM.Collect$$$$0000000A)
    _main_init                               0x000000d5   Thumb Code     0  entry9a.o(.ARM.Collect$$$$0000000B)
    __rt_final_cpp                           0x000000dd   Thumb Code     0  entry10a.o(.ARM.Collect$$$$0000000D)
    __rt_final_exit                          0x000000dd   Thumb Code     0  entry11a.o(.ARM.Collect$$$$0000000F)
    __asm___13_rtx_mempool_c_7914b4c7__atomic_wr8 0x000000e1   Thumb Code    16  rtx_mempool.o(.emb_text)
    __asm___13_rtx_mempool_c_7914b4c7__atomic_set32 0x000000f1   Thumb Code    20  rtx_mempool.o(.emb_text)
    __asm___13_rtx_mempool_c_7914b4c7__atomic_clr32 0x00000105   Thumb Code    22  rtx_mempool.o(.emb_text)
    __asm___13_rtx_mempool_c_7914b4c7__atomic_chk32_all 0x0000011b   Thumb Code    38  rtx_mempool.o(.emb_text)
    __asm___13_rtx_mempool_c_7914b4c7__atomic_chk32_any 0x00000141   Thumb Code    34  rtx_mempool.o(.emb_text)
    __asm___13_rtx_mempool_c_7914b4c7__atomic_inc32 0x00000163   Thumb Code    18  rtx_mempool.o(.emb_text)
    __asm___13_rtx_mempool_c_7914b4c7__atomic_inc32_lt 0x00000175   Thumb Code    30  rtx_mempool.o(.emb_text)
    __asm___13_rtx_mempool_c_7914b4c7__atomic_inc16_lt 0x00000193   Thumb Code    30  rtx_mempool.o(.emb_text)
    __asm___13_rtx_mempool_c_7914b4c7__atomic_inc16_lim 0x000001b1   Thumb Code    26  rtx_mempool.o(.emb_text)
    __asm___13_rtx_mempool_c_7914b4c7__atomic_dec32_nz 0x000001cb   Thumb Code    26  rtx_mempool.o(.emb_text)
    __asm___13_rtx_mempool_c_7914b4c7__atomic_dec16_nz 0x000001e5   Thumb Code    26  rtx_mempool.o(.emb_text)
    __asm___13_rtx_mempool_c_7914b4c7__atomic_link_get 0x000001ff   Thumb Code    26  rtx_mempool.o(.emb_text)
    __asm___13_rtx_mempool_c_7914b4c7__atomic_link_put 0x00000219   Thumb Code    28  rtx_mempool.o(.emb_text)
    SVC_Handler                              0x00000235   Thumb Code   108  irq_cm3.o(.text)
    PendSV_Handler                           0x000002a1   Thumb Code    16  irq_cm3.o(.text)
    SysTick_Handler                          0x000002b1   Thumb Code    16  irq_cm3.o(.text)
    Reset_Handler                            0x000002c9   Thumb Code     8  startup_lpc17xx.o(.text)
    NMI_Handler                              0x000002d1   Thumb Code     2  startup_lpc17xx.o(.text)
    HardFault_Handler                        0x000002d3   Thumb Code     2  startup_lpc17xx.o(.text)
    MemManage_Handler                        0x000002d5   Thumb Code     2  startup_lpc17xx.o(.text)
    BusFault_Handler                         0x000002d7   Thumb Code     2  startup_lpc17xx.o(.text)
    UsageFault_Handler                       0x000002d9   Thumb Code     2  startup_lpc17xx.o(.text)
    DebugMon_Handler                         0x000002dd   Thumb Code     2  startup_lpc17xx.o(.text)
    ADC_IRQHandler                           0x000002e3   Thumb Code     0  startup_lpc17xx.o(.text)
    BOD_IRQHandler                           0x000002e3   Thumb Code     0  startup_lpc17xx.o(.text)
    CANActivity_IRQHandler                   0x000002e3   Thumb Code     0  startup_lpc17xx.o(.text)
    CAN_IRQHandler                           0x000002e3   Thumb Code     0  startup_lpc17xx.o(.text)
    DMA_IRQHandler                           0x000002e3   Thumb Code     0  startup_lpc17xx.o(.text)
    EINT0_IRQHandler                         0x000002e3   Thumb Code     0  startup_lpc17xx.o(.text)
    EINT1_IRQHandler                         0x000002e3   Thumb Code     0  startup_lpc17xx.o(.text)
    EINT2_IRQHandler                         0x000002e3   Thumb Code     0  startup_lpc17xx.o(.text)
    EINT3_IRQHandler                         0x000002e3   Thumb Code     0  startup_lpc17xx.o(.text)
    ENET_IRQHandler                          0x000002e3   Thumb Code     0  startup_lpc17xx.o(.text)
    I2C0_IRQHandler                          0x000002e3   Thumb Code     0  startup_lpc17xx.o(.text)
    I2C1_IRQHandler                          0x000002e3   Thumb Code     0  startup_lpc17xx.o(.text)
    I2C2_IRQHandler                          0x000002e3   Thumb Code     0  startup_lpc17xx.o(.text)
    I2S_IRQHandler                           0x000002e3   Thumb Code     0  startup_lpc17xx.o(.text)
    MCPWM_IRQHandler                         0x000002e3   Thumb Code     0  startup_lpc17xx.o(.text)
    PLL0_IRQHandler                          0x000002e3   Thumb Code     0  startup_lpc17xx.o(.text)
    PLL1_IRQHandler                          0x000002e3   Thumb Code     0  startup_lpc17xx.o(.text)
    PWM1_IRQHandler                          0x000002e3   Thumb Code     0  startup_lpc17xx.o(.text)
    QEI_IRQHandler                           0x000002e3   Thumb Code     0  startup_lpc17xx.o(.text)
    RIT_IRQHandler                           0x000002e3   Thumb Code     0  startup_lpc17xx.o(.text)
    RTC_IRQHandler                           0x000002e3   Thumb Code     0  startup_lpc17xx.o(.text)
    SPI_IRQHandler                           0x000002e3   Thumb Code     0  startup_lpc17xx.o(.text)
    SSP0_IRQHandler                          0x000002e3   Thumb Code     0  startup_lpc17xx.o(.text)
    SSP1_IRQHandler                          0x000002e3   Thumb Code     0  startup_lpc17xx.o(.text)
    TIMER0_IRQHandler                        0x000002e3   Thumb Code     0  startup_lpc17xx.o(.text)
    TIMER1_IRQHandler                        0x000002e3   Thumb Code     0  startup_lpc17xx.o(.text)
    TIMER2_IRQHandler                        0x000002e3   Thumb Code     0  startup_lpc17xx.o(.text)
    TIMER3_IRQHandler                        0x000002e3   Thumb Code     0  startup_lpc17xx.o(.text)
    UART2_IRQHandler                         0x000002e3   Thumb Code     0  startup_lpc17xx.o(.text)
    UART3_IRQHandler                         0x000002e3   Thumb Code     0  startup_lpc17xx.o(.text)
    USBActivity_IRQHandler                   0x000002e3   Thumb Code     0  startup_lpc17xx.o(.text)
    USB_IRQHandler                           0x000002e3   Thumb Code     0  startup_lpc17xx.o(.text)
    WDT_IRQHandler                           0x000002e3   Thumb Code     0  startup_lpc17xx.o(.text)
    EvrRtxEventFlagsWaitTimeout              0x000002ed   Thumb Code     2  rtx_evr.o(i.EvrRtxEventFlagsWaitTimeout)
    EvrRtxKernelError                        0x000002ef   Thumb Code     2  rtx_evr.o(i.EvrRtxKernelError)
    EvrRtxKernelGetTickFreq                  0x000002f1   Thumb Code     2  rtx_evr.o(i.EvrRtxKernelGetTickFreq)
    EvrRtxKernelInitialize                   0x000002f3   Thumb Code     2  rtx_evr.o(i.EvrRtxKernelInitialize)
    EvrRtxKernelInitializeCompleted          0x000002f5   Thumb Code     2  rtx_evr.o(i.EvrRtxKernelInitializeCompleted)
    EvrRtxKernelStart                        0x000002f7   Thumb Code     2  rtx_evr.o(i.EvrRtxKernelStart)
    EvrRtxKernelStarted                      0x000002f9   Thumb Code     2  rtx_evr.o(i.EvrRtxKernelStarted)
    EvrRtxMemoryAlloc                        0x000002fb   Thumb Code     2  rtx_evr.o(i.EvrRtxMemoryAlloc)
    __asm___14_rtx_msgqueue_c_ba128ae8__atomic_wr8 0x00000301   Thumb Code    16  rtx_msgqueue.o(.emb_text)
    __asm___14_rtx_msgqueue_c_ba128ae8__atomic_set32 0x00000311   Thumb Code    20  rtx_msgqueue.o(.emb_text)
    __asm___14_rtx_msgqueue_c_ba128ae8__atomic_clr32 0x00000325   Thumb Code    22  rtx_msgqueue.o(.emb_text)
    __asm___14_rtx_msgqueue_c_ba128ae8__atomic_chk32_all 0x0000033b   Thumb Code    38  rtx_msgqueue.o(.emb_text)
    __asm___14_rtx_msgqueue_c_ba128ae8__atomic_chk32_any 0x00000361   Thumb Code    34  rtx_msgqueue.o(.emb_text)
    __asm___14_rtx_msgqueue_c_ba128ae8__atomic_inc32 0x00000383   Thumb Code    18  rtx_msgqueue.o(.emb_text)
    __asm___14_rtx_msgqueue_c_ba128ae8__atomic_inc32_lt 0x00000395   Thumb Code    30  rtx_msgqueue.o(.emb_text)
    __asm___14_rtx_msgqueue_c_ba128ae8__atomic_inc16_lt 0x000003b3   Thumb Code    30  rtx_msgqueue.o(.emb_text)
    __asm___14_rtx_msgqueue_c_ba128ae8__atomic_inc16_lim 0x000003d1   Thumb Code    26  rtx_msgqueue.o(.emb_text)
    __asm___14_rtx_msgqueue_c_ba128ae8__atomic_dec32_nz 0x000003eb   Thumb Code    26  rtx_msgqueue.o(.emb_text)
    __asm___14_rtx_msgqueue_c_ba128ae8__atomic_dec16_nz 0x00000405   Thumb Code    26  rtx_msgqueue.o(.emb_text)
    __asm___14_rtx_msgqueue_c_ba128ae8__atomic_link_get 0x0000041f   Thumb Code    26  rtx_msgqueue.o(.emb_text)
    __asm___14_rtx_msgqueue_c_ba128ae8__atomic_link_put 0x00000439   Thumb Code    28  rtx_msgqueue.o(.emb_text)
    __asm___12_rtx_system_c_024f2f18__atomic_wr8 0x00000455   Thumb Code    16  rtx_system.o(.emb_text)
    __asm___12_rtx_system_c_024f2f18__atomic_set32 0x00000465   Thumb Code    20  rtx_system.o(.emb_text)
    __asm___12_rtx_system_c_024f2f18__atomic_clr32 0x00000479   Thumb Code    22  rtx_system.o(.emb_text)
    __asm___12_rtx_system_c_024f2f18__atomic_chk32_all 0x0000048f   Thumb Code    38  rtx_system.o(.emb_text)
    __asm___12_rtx_system_c_024f2f18__atomic_chk32_any 0x000004b5   Thumb Code    34  rtx_system.o(.emb_text)
    __asm___12_rtx_system_c_024f2f18__atomic_inc32 0x000004d7   Thumb Code    18  rtx_system.o(.emb_text)
    __asm___12_rtx_system_c_024f2f18__atomic_inc32_lt 0x000004e9   Thumb Code    30  rtx_system.o(.emb_text)
    __asm___12_rtx_system_c_024f2f18__atomic_inc16_lt 0x00000507   Thumb Code    30  rtx_system.o(.emb_text)
    __asm___12_rtx_system_c_024f2f18__atomic_inc16_lim 0x00000525   Thumb Code    26  rtx_system.o(.emb_text)
    __asm___12_rtx_system_c_024f2f18__atomic_dec32_nz 0x0000053f   Thumb Code    26  rtx_system.o(.emb_text)
    __asm___12_rtx_system_c_024f2f18__atomic_dec16_nz 0x00000559   Thumb Code    26  rtx_system.o(.emb_text)
    __asm___12_rtx_system_c_024f2f18__atomic_link_get 0x00000573   Thumb Code    26  rtx_system.o(.emb_text)
    __asm___12_rtx_system_c_024f2f18__atomic_link_put 0x0000058d   Thumb Code    28  rtx_system.o(.emb_text)
    __asm___12_rtx_thread_c_add96be5__atomic_wr8 0x000005a9   Thumb Code    16  rtx_thread.o(.emb_text)
    __asm___12_rtx_thread_c_add96be5__atomic_set32 0x000005b9   Thumb Code    20  rtx_thread.o(.emb_text)
    __asm___12_rtx_thread_c_add96be5__atomic_clr32 0x000005cd   Thumb Code    22  rtx_thread.o(.emb_text)
    __asm___12_rtx_thread_c_add96be5__atomic_chk32_all 0x000005e3   Thumb Code    38  rtx_thread.o(.emb_text)
    __asm___12_rtx_thread_c_add96be5__atomic_chk32_any 0x00000609   Thumb Code    34  rtx_thread.o(.emb_text)
    __asm___12_rtx_thread_c_add96be5__atomic_inc32 0x0000062b   Thumb Code    18  rtx_thread.o(.emb_text)
    __asm___12_rtx_thread_c_add96be5__atomic_inc32_lt 0x0000063d   Thumb Code    30  rtx_thread.o(.emb_text)
    __asm___12_rtx_thread_c_add96be5__atomic_inc16_lt 0x0000065b   Thumb Code    30  rtx_thread.o(.emb_text)
    __asm___12_rtx_thread_c_add96be5__atomic_inc16_lim 0x00000679   Thumb Code    26  rtx_thread.o(.emb_text)
    __asm___12_rtx_thread_c_add96be5__atomic_dec32_nz 0x00000693   Thumb Code    26  rtx_thread.o(.emb_text)
    __asm___12_rtx_thread_c_add96be5__atomic_dec16_nz 0x000006ad   Thumb Code    26  rtx_thread.o(.emb_text)
    __asm___12_rtx_thread_c_add96be5__atomic_link_get 0x000006c7   Thumb Code    26  rtx_thread.o(.emb_text)
    __asm___12_rtx_thread_c_add96be5__atomic_link_put 0x000006e1   Thumb Code    28  rtx_thread.o(.emb_text)
    rand                                     0x000006fd   Thumb Code    20  rand.o(.text)
    srand                                    0x00000711   Thumb Code     6  rand.o(.text)
    __aeabi_memcpy                           0x00000721   Thumb Code    36  memcpya.o(.text)
    __aeabi_memcpy4                          0x00000721   Thumb Code     0  memcpya.o(.text)
    __aeabi_memcpy8                          0x00000721   Thumb Code     0  memcpya.o(.text)
    __aeabi_memset                           0x00000745   Thumb Code    14  memseta.o(.text)
    __aeabi_memset4                          0x00000745   Thumb Code     0  memseta.o(.text)
    __aeabi_memset8                          0x00000745   Thumb Code     0  memseta.o(.text)
    __aeabi_memclr                           0x00000753   Thumb Code     4  memseta.o(.text)
    __aeabi_memclr4                          0x00000753   Thumb Code     0  memseta.o(.text)
    __aeabi_memclr8                          0x00000753   Thumb Code     0  memseta.o(.text)
    _memset$wrapper                          0x00000757   Thumb Code    18  memseta.o(.text)
    __aeabi_uidiv                            0x00000769   Thumb Code     0  uidiv.o(.text)
    __aeabi_uidivmod                         0x00000769   Thumb Code    44  uidiv.o(.text)
    __scatterload                            0x00000795   Thumb Code    28  init.o(.text)
    __scatterload_rt2                        0x00000795   Thumb Code     0  init.o(.text)
    __decompress                             0x000007b9   Thumb Code     0  __dczerorl.o(.text)
    __decompress0                            0x000007b9   Thumb Code    58  __dczerorl.o(.text)
    EvrRtxMemoryBlockAlloc                   0x000007f3   Thumb Code     2  rtx_evr.o(i.EvrRtxMemoryBlockAlloc)
    EvrRtxMemoryBlockFree                    0x000007f5   Thumb Code     2  rtx_evr.o(i.EvrRtxMemoryBlockFree)
    EvrRtxMemoryBlockInit                    0x000007f7   Thumb Code     2  rtx_evr.o(i.EvrRtxMemoryBlockInit)
    EvrRtxMemoryFree                         0x000007f9   Thumb Code     2  rtx_evr.o(i.EvrRtxMemoryFree)
    EvrRtxMemoryInit                         0x000007fb   Thumb Code     2  rtx_evr.o(i.EvrRtxMemoryInit)
    EvrRtxMemoryPoolAllocTimeout             0x000007fd   Thumb Code     2  rtx_evr.o(i.EvrRtxMemoryPoolAllocTimeout)
    EvrRtxMessageQueueCreated                0x000007ff   Thumb Code     2  rtx_evr.o(i.EvrRtxMessageQueueCreated)
    EvrRtxMessageQueueError                  0x00000801   Thumb Code     2  rtx_evr.o(i.EvrRtxMessageQueueError)
    EvrRtxMessageQueueGet                    0x00000803   Thumb Code     2  rtx_evr.o(i.EvrRtxMessageQueueGet)
    EvrRtxMessageQueueGetPending             0x00000805   Thumb Code     2  rtx_evr.o(i.EvrRtxMessageQueueGetPending)
    EvrRtxMessageQueueGetTimeout             0x00000807   Thumb Code     2  rtx_evr.o(i.EvrRtxMessageQueueGetTimeout)
    EvrRtxMessageQueueInsertPending          0x00000809   Thumb Code     2  rtx_evr.o(i.EvrRtxMessageQueueInsertPending)
    EvrRtxMessageQueueInserted               0x0000080b   Thumb Code     2  rtx_evr.o(i.EvrRtxMessageQueueInserted)
    EvrRtxMessageQueueNew                    0x0000080d   Thumb Code     2  rtx_evr.o(i.EvrRtxMessageQueueNew)
    EvrRtxMessageQueueNotInserted            0x0000080f   Thumb Code     2  rtx_evr.o(i.EvrRtxMessageQueueNotInserted)
    EvrRtxMessageQueueNotRetrieved           0x00000811   Thumb Code     2  rtx_evr.o(i.EvrRtxMessageQueueNotRetrieved)
    EvrRtxMessageQueuePut                    0x00000813   Thumb Code     2  rtx_evr.o(i.EvrRtxMessageQueuePut)
    EvrRtxMessageQueuePutPending             0x00000815   Thumb Code     2  rtx_evr.o(i.EvrRtxMessageQueuePutPending)
    EvrRtxMessageQueuePutTimeout             0x00000817   Thumb Code     2  rtx_evr.o(i.EvrRtxMessageQueuePutTimeout)
    EvrRtxMessageQueueRetrieved              0x00000819   Thumb Code     2  rtx_evr.o(i.EvrRtxMessageQueueRetrieved)
    EvrRtxMutexAcquire                       0x0000081b   Thumb Code     2  rtx_evr.o(i.EvrRtxMutexAcquire)
    EvrRtxMutexAcquirePending                0x0000081d   Thumb Code     2  rtx_evr.o(i.EvrRtxMutexAcquirePending)
    EvrRtxMutexAcquireTimeout                0x0000081f   Thumb Code     2  rtx_evr.o(i.EvrRtxMutexAcquireTimeout)
    EvrRtxMutexAcquired                      0x00000821   Thumb Code     2  rtx_evr.o(i.EvrRtxMutexAcquired)
    EvrRtxMutexCreated                       0x00000823   Thumb Code     2  rtx_evr.o(i.EvrRtxMutexCreated)
    EvrRtxMutexError                         0x00000825   Thumb Code     2  rtx_evr.o(i.EvrRtxMutexError)
    EvrRtxMutexNew                           0x00000827   Thumb Code     2  rtx_evr.o(i.EvrRtxMutexNew)
    EvrRtxMutexNotAcquired                   0x00000829   Thumb Code     2  rtx_evr.o(i.EvrRtxMutexNotAcquired)
    EvrRtxMutexRelease                       0x0000082b   Thumb Code     2  rtx_evr.o(i.EvrRtxMutexRelease)
    EvrRtxMutexReleased                      0x0000082d   Thumb Code     2  rtx_evr.o(i.EvrRtxMutexReleased)
    EvrRtxSemaphoreAcquireTimeout            0x0000082f   Thumb Code     2  rtx_evr.o(i.EvrRtxSemaphoreAcquireTimeout)
    EvrRtxThreadBlocked                      0x00000831   Thumb Code     2  rtx_evr.o(i.EvrRtxThreadBlocked)
    EvrRtxThreadCreated                      0x00000833   Thumb Code     2  rtx_evr.o(i.EvrRtxThreadCreated)
    EvrRtxThreadDelay                        0x00000835   Thumb Code     2  rtx_evr.o(i.EvrRtxThreadDelay)
    EvrRtxThreadDelayCompleted               0x00000837   Thumb Code     2  rtx_evr.o(i.EvrRtxThreadDelayCompleted)
    EvrRtxThreadDestroyed                    0x00000839   Thumb Code     2  rtx_evr.o(i.EvrRtxThreadDestroyed)
    EvrRtxThreadError                        0x0000083b   Thumb Code     2  rtx_evr.o(i.EvrRtxThreadError)
    EvrRtxThreadExit                         0x0000083d   Thumb Code     2  rtx_evr.o(i.EvrRtxThreadExit)
    EvrRtxThreadFlagsWaitCompleted           0x0000083f   Thumb Code     2  rtx_evr.o(i.EvrRtxThreadFlagsWaitCompleted)
    EvrRtxThreadFlagsWaitTimeout             0x00000841   Thumb Code     2  rtx_evr.o(i.EvrRtxThreadFlagsWaitTimeout)
    EvrRtxThreadJoined                       0x00000843   Thumb Code     2  rtx_evr.o(i.EvrRtxThreadJoined)
    EvrRtxThreadNew                          0x00000845   Thumb Code     2  rtx_evr.o(i.EvrRtxThreadNew)
    EvrRtxThreadPreempted                    0x00000847   Thumb Code     2  rtx_evr.o(i.EvrRtxThreadPreempted)
    EvrRtxThreadSwitched                     0x00000849   Thumb Code     2  rtx_evr.o(i.EvrRtxThreadSwitched)
    EvrRtxThreadUnblocked                    0x0000084b   Thumb Code     2  rtx_evr.o(i.EvrRtxThreadUnblocked)
    EvrRtxThreadYield                        0x0000084d   Thumb Code     2  rtx_evr.o(i.EvrRtxThreadYield)
    EvrRtxTimerCallback                      0x0000084f   Thumb Code     2  rtx_evr.o(i.EvrRtxTimerCallback)
    Free                                     0x00000851   Thumb Code     6  uart.o(i.Free)
    FreeRcv                                  0x00000859   Thumb Code    28  uart.o(i.FreeRcv)
    FreeSnd                                  0x0000087d   Thumb Code    28  uart.o(i.FreeSnd)
    GLCD_Bargraph                            0x000008a1   Thumb Code    98  glcd_spi_lpc1700.o(i.GLCD_Bargraph)
    GLCD_Bitmap                              0x00000909   Thumb Code    82  glcd_spi_lpc1700.o(i.GLCD_Bitmap)
    GLCD_Clear                               0x0000095b   Thumb Code    42  glcd_spi_lpc1700.o(i.GLCD_Clear)
    GLCD_DisplayChar                         0x00000985   Thumb Code    84  glcd_spi_lpc1700.o(i.GLCD_DisplayChar)
    GLCD_DisplayString                       0x000009e1   Thumb Code    40  glcd_spi_lpc1700.o(i.GLCD_DisplayString)
    GLCD_DrawChar                            0x00000a09   Thumb Code   150  glcd_spi_lpc1700.o(i.GLCD_DrawChar)
    GLCD_Init                                0x00000aa5   Thumb Code  1506  glcd_spi_lpc1700.o(i.GLCD_Init)
    GLCD_SetBackColor                        0x0000108d   Thumb Code     6  glcd_spi_lpc1700.o(i.GLCD_SetBackColor)
    GLCD_SetTextColor                        0x00001099   Thumb Code     6  glcd_spi_lpc1700.o(i.GLCD_SetTextColor)
    GLCD_SetWindow                           0x000010a5   Thumb Code   168  glcd_spi_lpc1700.o(i.GLCD_SetWindow)
    GLCD_WindowMax                           0x00001151   Thumb Code    18  glcd_spi_lpc1700.o(i.GLCD_WindowMax)
    OS_Tick_AcknowledgeIRQ                   0x000012d7   Thumb Code     8  os_systick.o(i.OS_Tick_AcknowledgeIRQ)
    OS_Tick_Enable                           0x000012e1   Thumb Code    38  os_systick.o(i.OS_Tick_Enable)
    OS_Tick_GetIRQn                          0x00001311   Thumb Code     6  os_systick.o(i.OS_Tick_GetIRQn)
    OS_Tick_Setup                            0x00001319   Thumb Code    66  os_systick.o(i.OS_Tick_Setup)
    SystemInit                               0x00001369   Thumb Code   302  system_lpc17xx.o(i.SystemInit)
    UART0_IRQHandler                         0x00001559   Thumb Code    88  uart.o(i.UART0_IRQHandler)
    UART1_IRQHandler                         0x000015c1   Thumb Code    90  uart.o(i.UART1_IRQHandler)
    UARTInit                                 0x00001631   Thumb Code   176  uart.o(i.UARTInit)
    UARTSendChar                             0x000016ed   Thumb Code    26  uart.o(i.UARTSendChar)
    __0printf$1                              0x00001711   Thumb Code    22  printf1.o(i.__0printf$1)
    __1printf$1                              0x00001711   Thumb Code     0  printf1.o(i.__0printf$1)
    __2printf                                0x00001711   Thumb Code     0  printf1.o(i.__0printf$1)
    __0sprintf$1                             0x00001731   Thumb Code    34  printf1.o(i.__0sprintf$1)
    __1sprintf$1                             0x00001731   Thumb Code     0  printf1.o(i.__0sprintf$1)
    __2sprintf                               0x00001731   Thumb Code     0  printf1.o(i.__0sprintf$1)
    __scatterload_copy                       0x00001773   Thumb Code    14  handlers.o(i.__scatterload_copy)
    __scatterload_null                       0x00001781   Thumb Code     2  handlers.o(i.__scatterload_null)
    __scatterload_zeroinit                   0x00001783   Thumb Code    14  handlers.o(i.__scatterload_zeroinit)
    display                                  0x000018fd   Thumb Code    98  main.o(i.display)
    drawApple                                0x00001979   Thumb Code    24  apple.o(i.drawApple)
    fputc                                    0x00001995   Thumb Code    14  retarget.o(i.fputc)
    gameOver                                 0x000019a5   Thumb Code   118  main.o(i.gameOver)
    getFrequency                             0x00001a55   Thumb Code    62  uart.o(i.getFrequency)
    hitSelf                                  0x00001a9d   Thumb Code    48  main.o(i.hitSelf)
    main                                     0x00001c79   Thumb Code   112  main.o(i.main)
    malloc                                   0x00001d05   Thumb Code    92  malloc.o(i.malloc)
    moveSnek                                 0x00001d71   Thumb Code   376  main.o(i.moveSnek)
    osDelay                                  0x00001f11   Thumb Code    56  rtx_delay.o(i.osDelay)
    osKernelGetTickFreq                      0x00001f4d   Thumb Code    38  rtx_kernel.o(i.osKernelGetTickFreq)
    osKernelInitialize                       0x00001f79   Thumb Code    48  rtx_kernel.o(i.osKernelInitialize)
    osKernelStart                            0x00001fad   Thumb Code    48  rtx_kernel.o(i.osKernelStart)
    osMessageQueueGet                        0x00001fe1   Thumb Code    78  rtx_msgqueue.o(i.osMessageQueueGet)
    osMessageQueueNew                        0x00002035   Thumb Code    70  rtx_msgqueue.o(i.osMessageQueueNew)
    osMessageQueuePut                        0x00002081   Thumb Code    78  rtx_msgqueue.o(i.osMessageQueuePut)
    osMutexAcquire                           0x000020d5   Thumb Code    62  rtx_mutex.o(i.osMutexAcquire)
    osMutexNew                               0x00002119   Thumb Code    54  rtx_mutex.o(i.osMutexNew)
    osMutexRelease                           0x00002155   Thumb Code    56  rtx_mutex.o(i.osMutexRelease)
    osRtxErrorNotify                         0x00002191   Thumb Code    32  rtx_config.o(i.osRtxErrorNotify)
    osRtxIdleThread                          0x000021b1   Thumb Code     4  rtx_config.o(i.osRtxIdleThread)
    osRtxMemoryAlloc                         0x000021c1   Thumb Code   238  rtx_memory.o(i.osRtxMemoryAlloc)
    osRtxMemoryFree                          0x000022af   Thumb Code   124  rtx_memory.o(i.osRtxMemoryFree)
    osRtxMemoryInit                          0x0000232b   Thumb Code   106  rtx_memory.o(i.osRtxMemoryInit)
    osRtxMemoryPoolAlloc                     0x00002395   Thumb Code    58  rtx_mempool.o(i.osRtxMemoryPoolAlloc)
    osRtxMemoryPoolFree                      0x000023cf   Thumb Code    78  rtx_mempool.o(i.osRtxMemoryPoolFree)
    osRtxMemoryPoolInit                      0x0000241d   Thumb Code    88  rtx_mempool.o(i.osRtxMemoryPoolInit)
    osRtxMutexOwnerRelease                   0x0000259d   Thumb Code    94  rtx_mutex.o(i.osRtxMutexOwnerRelease)
    osRtxPendSV_Handler                      0x000025fd   Thumb Code   126  rtx_system.o(i.osRtxPendSV_Handler)
    osRtxPostProcess                         0x00002681   Thumb Code    50  rtx_system.o(i.osRtxPostProcess)
    osRtxThreadDelayTick                     0x000027d9   Thumb Code   216  rtx_thread.o(i.osRtxThreadDelayTick)
    osRtxThreadDispatch                      0x000028b5   Thumb Code   106  rtx_thread.o(i.osRtxThreadDispatch)
    osRtxThreadListGet                       0x00002991   Thumb Code    28  rtx_thread.o(i.osRtxThreadListGet)
    osRtxThreadListPut                       0x000029ad   Thumb Code    50  rtx_thread.o(i.osRtxThreadListPut)
    osRtxThreadListRemove                    0x000029df   Thumb Code    26  rtx_thread.o(i.osRtxThreadListRemove)
    osRtxThreadListSort                      0x00002a0b   Thumb Code    42  rtx_thread.o(i.osRtxThreadListSort)
    osRtxThreadReadyPut                      0x00002a75   Thumb Code    18  rtx_thread.o(i.osRtxThreadReadyPut)
    osRtxThreadRegPtr                        0x00002a8d   Thumb Code    14  rtx_thread.o(i.osRtxThreadRegPtr)
    osRtxThreadStackCheck                    0x00002aa9   Thumb Code    38  rtx_thread.o(i.osRtxThreadStackCheck)
    osRtxThreadStartup                       0x00002ad5   Thumb Code    78  rtx_thread.o(i.osRtxThreadStartup)
    osRtxThreadSwitch                        0x00002b35   Thumb Code    24  rtx_thread.o(i.osRtxThreadSwitch)
    osRtxThreadWaitEnter                     0x00002b51   Thumb Code    78  rtx_thread.o(i.osRtxThreadWaitEnter)
    osRtxThreadWaitExit                      0x00002ba5   Thumb Code    54  rtx_thread.o(i.osRtxThreadWaitExit)
    osRtxTick_Handler                        0x00002bdd   Thumb Code   154  rtx_system.o(i.osRtxTick_Handler)
    osRtxTimerThread                         0x00002c7d   Thumb Code    76  rtx_timer.o(i.osRtxTimerThread)
    osThreadExit                             0x00002d31   Thumb Code    28  rtx_thread.o(i.osThreadExit)
    osThreadNew                              0x00002d51   Thumb Code    70  rtx_thread.o(i.osThreadNew)
    osThreadYield                            0x00002d9d   Thumb Code    50  rtx_thread.o(i.osThreadYield)
    placeApple                               0x00002dd5   Thumb Code   120  main.o(i.placeApple)
    pushButton                               0x00002e59   Thumb Code    44  main.o(i.pushButton)
    readJoy                                  0x00002f61   Thumb Code   120  main.o(i.readJoy)
    reset                                    0x00002fe5   Thumb Code   126  main.o(i.reset)
    sendchar                                 0x0000307d   Thumb Code    64  retarget.o(i.sendchar)
    start                                    0x00003161   Thumb Code   136  main.o(i.start)
    turnOn                                   0x00004001   Thumb Code   166  main.o(i.turnOn)
    Font_6x8_h                               0x00004144   Data         896  glcd_spi_lpc1700.o(.constdata)
    Font_16x24_h                             0x000044c4   Data        5376  glcd_spi_lpc1700.o(.constdata)
    osRtxUserSVC                             0x00005d48   Data           4  rtx_lib.o(.constdata)
    osRtxConfig                              0x00005d58   Data         104  rtx_lib.o(.rodata)
    Region$$Table$$Base                      0x00005dc0   Number         0  anon$$obj.o(Region$$Table)
    Region$$Table$$Limit                     0x00005de0   Number         0  anon$$obj.o(Region$$Table)
    .bss.os.msgqueue.cb$$Base                0x10001040   Number         0  rtx_lib.o(.bss.os.msgqueue.cb)
    .bss.os.msgqueue.cb$$Limit               0x10001074   Number         0  rtx_lib.o(.bss.os.msgqueue.cb)
    .bss.os.thread.cb$$Base                  0x100010c4   Number         0  rtx_lib.o(.bss.os.thread.cb)
    .bss.os.thread.cb$$Limit                 0x1000114c   Number         0  rtx_lib.o(.bss.os.thread.cb)
    uart_init_called                         0x10001358   Data           1  retarget.o(.data)
    __stdout                                 0x1000135c   Data           4  retarget.o(.data)
    __stdin                                  0x10001360   Data           4  retarget.o(.data)
    ITM_RxBuffer                             0x10001364   Data           4  uart.o(.data)
    UART0Status                              0x10001368   Data           4  uart.o(.data)
    UART1Status                              0x1000136c   Data           4  uart.o(.data)
    UART0TxEmpty                             0x10001370   Data           1  uart.o(.data)
    UART1TxEmpty                             0x10001371   Data           1  uart.o(.data)
    UART0Count                               0x10001374   Data           4  uart.o(.data)
    UART1Count                               0x10001378   Data           4  uart.o(.data)
    RcvLock0                                 0x1000137c   Data           1  uart.o(.data)
    SndLock0                                 0x1000137d   Data           1  uart.o(.data)
    RcvLock1                                 0x1000137e   Data           1  uart.o(.data)
    SndLock1                                 0x1000137f   Data           1  uart.o(.data)
    i                                        0x10001380   Data           4  uart.o(.data)
    snake                                    0x10001384   Data           4  main.o(.data)
    stopped                                  0x10001388   Data           1  main.o(.data)
    appleX                                   0x1000138a   Data           2  main.o(.data)
    appleY                                   0x1000138c   Data           2  main.o(.data)
    score                                    0x1000138e   Data           1  main.o(.data)
    dir                                      0x1000138f   Data           1  main.o(.data)
    head                                     0x10001390   Data           4  main.o(.data)
    tail                                     0x10001394   Data           4  main.o(.data)
    prevTailX                                0x10001398   Data           2  main.o(.data)
    prevTailY                                0x1000139a   Data           2  main.o(.data)
    SystemCoreClock                          0x100013a0   Data           4  system_lpc17xx.o(.data)
    __microlib_freelist                      0x100013a8   Data           4  mvars.o(.data)
    __microlib_freelist_initialised          0x100013ac   Data           4  mvars.o(.data)
    osRtxInfo                                0x100013b0   Data         164  rtx_kernel.o(.data.os)
    UART0Buffer                              0x10001454   Data          64  uart.o(.bss)
    UART1Buffer                              0x10001494   Data          64  uart.o(.bss)
    __heap_base                              0x100014d8   Data           0  startup_lpc17xx.o(HEAP)
    __heap_limit                             0x100034d8   Data           0  startup_lpc17xx.o(HEAP)
    __initial_sp                             0x100054d8   Data           0  startup_lpc17xx.o(STACK)



==============================================================================

Memory Map of the image

  Image Entry point : 0x000002c9

  Load Region LR_1 (Base: 0x00000000, Size: 0x00007234, Max: 0xffffffff, ABSOLUTE, COMPRESSED[0x00005e24])

    Execution Region ER_RO (Exec base: 0x00000000, Load base: 0x00000000, Size: 0x00005de0, Max: 0xffffffff, ABSOLUTE)

    Exec Addr    Load Addr    Size         Type   Attr      Idx    E Section Name        Object

    0x00000000   0x00000000   0x000000cc   Data   RO         3403    RESET               startup_lpc17xx.o
    0x000000cc   0x000000cc   0x00000000   Code   RO         3447  * .ARM.Collect$$$$00000000  mc_w.l(entry.o)
    0x000000cc   0x000000cc   0x00000004   Code   RO         3750    .ARM.Collect$$$$00000001  mc_w.l(entry2.o)
    0x000000d0   0x000000d0   0x00000004   Code   RO         3753    .ARM.Collect$$$$00000004  mc_w.l(entry5.o)
    0x000000d4   0x000000d4   0x00000000   Code   RO         3755    .ARM.Collect$$$$00000008  mc_w.l(entry7b.o)
    0x000000d4   0x000000d4   0x00000000   Code   RO         3757    .ARM.Collect$$$$0000000A  mc_w.l(entry8b.o)
    0x000000d4   0x000000d4   0x00000008   Code   RO         3758    .ARM.Collect$$$$0000000B  mc_w.l(entry9a.o)
    0x000000dc   0x000000dc   0x00000000   Code   RO         3760    .ARM.Collect$$$$0000000D  mc_w.l(entry10a.o)
    0x000000dc   0x000000dc   0x00000000   Code   RO         3762    .ARM.Collect$$$$0000000F  mc_w.l(entry11a.o)
    0x000000dc   0x000000dc   0x00000004   Code   RO         3751    .ARM.Collect$$$$00002712  mc_w.l(entry2.o)
    0x000000e0   0x000000e0   0x00000154   Code   RO         2122    .emb_text           rtx_mempool.o
    0x00000234   0x00000234   0x00000094   Code   RO          561    .text               irq_cm3.o
    0x000002c8   0x000002c8   0x00000024   Code   RO         3405  * .text               startup_lpc17xx.o
    0x000002ec   0x000002ec   0x00000002   Code   RO          823    i.EvrRtxEventFlagsWaitTimeout  rtx_evr.o
    0x000002ee   0x000002ee   0x00000002   Code   RO          824    i.EvrRtxKernelError  rtx_evr.o
    0x000002f0   0x000002f0   0x00000002   Code   RO          830    i.EvrRtxKernelGetTickFreq  rtx_evr.o
    0x000002f2   0x000002f2   0x00000002   Code   RO          832    i.EvrRtxKernelInitialize  rtx_evr.o
    0x000002f4   0x000002f4   0x00000002   Code   RO          833    i.EvrRtxKernelInitializeCompleted  rtx_evr.o
    0x000002f6   0x000002f6   0x00000002   Code   RO          840    i.EvrRtxKernelStart  rtx_evr.o
    0x000002f8   0x000002f8   0x00000002   Code   RO          841    i.EvrRtxKernelStarted  rtx_evr.o
    0x000002fa   0x000002fa   0x00000002   Code   RO          846    i.EvrRtxMemoryAlloc  rtx_evr.o
    0x000002fc   0x000002fc   0x00000004   Code   RO         3404    .ARM.__at_0x02FC    startup_lpc17xx.o
    0x00000300   0x00000300   0x00000154   Code   RO         2289    .emb_text           rtx_msgqueue.o
    0x00000454   0x00000454   0x00000154   Code   RO         2700    .emb_text           rtx_system.o
    0x000005a8   0x000005a8   0x00000154   Code   RO         2756    .emb_text           rtx_thread.o
    0x000006fc   0x000006fc   0x00000024   Code   RO         3452    .text               mc_w.l(rand.o)
    0x00000720   0x00000720   0x00000024   Code   RO         3455    .text               mc_w.l(memcpya.o)
    0x00000744   0x00000744   0x00000024   Code   RO         3457    .text               mc_w.l(memseta.o)
    0x00000768   0x00000768   0x0000002c   Code   RO         3764    .text               mc_w.l(uidiv.o)
    0x00000794   0x00000794   0x00000024   Code   RO         3783    .text               mc_w.l(init.o)
    0x000007b8   0x000007b8   0x0000003a   Code   RO         3797    .text               mc_w.l(__dczerorl.o)
    0x000007f2   0x000007f2   0x00000002   Code   RO          847    i.EvrRtxMemoryBlockAlloc  rtx_evr.o
    0x000007f4   0x000007f4   0x00000002   Code   RO          848    i.EvrRtxMemoryBlockFree  rtx_evr.o
    0x000007f6   0x000007f6   0x00000002   Code   RO          849    i.EvrRtxMemoryBlockInit  rtx_evr.o
    0x000007f8   0x000007f8   0x00000002   Code   RO          850    i.EvrRtxMemoryFree  rtx_evr.o
    0x000007fa   0x000007fa   0x00000002   Code   RO          851    i.EvrRtxMemoryInit  rtx_evr.o
    0x000007fc   0x000007fc   0x00000002   Code   RO          855    i.EvrRtxMemoryPoolAllocTimeout  rtx_evr.o
    0x000007fe   0x000007fe   0x00000002   Code   RO          870    i.EvrRtxMessageQueueCreated  rtx_evr.o
    0x00000800   0x00000800   0x00000002   Code   RO          873    i.EvrRtxMessageQueueError  rtx_evr.o
    0x00000802   0x00000802   0x00000002   Code   RO          874    i.EvrRtxMessageQueueGet  rtx_evr.o
    0x00000804   0x00000804   0x00000002   Code   RO          879    i.EvrRtxMessageQueueGetPending  rtx_evr.o
    0x00000806   0x00000806   0x00000002   Code   RO          881    i.EvrRtxMessageQueueGetTimeout  rtx_evr.o
    0x00000808   0x00000808   0x00000002   Code   RO          882    i.EvrRtxMessageQueueInsertPending  rtx_evr.o
    0x0000080a   0x0000080a   0x00000002   Code   RO          883    i.EvrRtxMessageQueueInserted  rtx_evr.o
    0x0000080c   0x0000080c   0x00000002   Code   RO          884    i.EvrRtxMessageQueueNew  rtx_evr.o
    0x0000080e   0x0000080e   0x00000002   Code   RO          885    i.EvrRtxMessageQueueNotInserted  rtx_evr.o
    0x00000810   0x00000810   0x00000002   Code   RO          886    i.EvrRtxMessageQueueNotRetrieved  rtx_evr.o
    0x00000812   0x00000812   0x00000002   Code   RO          887    i.EvrRtxMessageQueuePut  rtx_evr.o
    0x00000814   0x00000814   0x00000002   Code   RO          888    i.EvrRtxMessageQueuePutPending  rtx_evr.o
    0x00000816   0x00000816   0x00000002   Code   RO          889    i.EvrRtxMessageQueuePutTimeout  rtx_evr.o
    0x00000818   0x00000818   0x00000002   Code   RO          892    i.EvrRtxMessageQueueRetrieved  rtx_evr.o
    0x0000081a   0x0000081a   0x00000002   Code   RO          893    i.EvrRtxMutexAcquire  rtx_evr.o
    0x0000081c   0x0000081c   0x00000002   Code   RO          894    i.EvrRtxMutexAcquirePending  rtx_evr.o
    0x0000081e   0x0000081e   0x00000002   Code   RO          895    i.EvrRtxMutexAcquireTimeout  rtx_evr.o
    0x00000820   0x00000820   0x00000002   Code   RO          896    i.EvrRtxMutexAcquired  rtx_evr.o
    0x00000822   0x00000822   0x00000002   Code   RO          897    i.EvrRtxMutexCreated  rtx_evr.o
    0x00000824   0x00000824   0x00000002   Code   RO          900    i.EvrRtxMutexError  rtx_evr.o
    0x00000826   0x00000826   0x00000002   Code   RO          903    i.EvrRtxMutexNew    rtx_evr.o
    0x00000828   0x00000828   0x00000002   Code   RO          904    i.EvrRtxMutexNotAcquired  rtx_evr.o
    0x0000082a   0x0000082a   0x00000002   Code   RO          905    i.EvrRtxMutexRelease  rtx_evr.o
    0x0000082c   0x0000082c   0x00000002   Code   RO          906    i.EvrRtxMutexReleased  rtx_evr.o
    0x0000082e   0x0000082e   0x00000002   Code   RO          909    i.EvrRtxSemaphoreAcquireTimeout  rtx_evr.o
    0x00000830   0x00000830   0x00000002   Code   RO          921    i.EvrRtxThreadBlocked  rtx_evr.o
    0x00000832   0x00000832   0x00000002   Code   RO          922    i.EvrRtxThreadCreated  rtx_evr.o
    0x00000834   0x00000834   0x00000002   Code   RO          923    i.EvrRtxThreadDelay  rtx_evr.o
    0x00000836   0x00000836   0x00000002   Code   RO          924    i.EvrRtxThreadDelayCompleted  rtx_evr.o
    0x00000838   0x00000838   0x00000002   Code   RO          926    i.EvrRtxThreadDestroyed  rtx_evr.o
    0x0000083a   0x0000083a   0x00000002   Code   RO          930    i.EvrRtxThreadError  rtx_evr.o
    0x0000083c   0x0000083c   0x00000002   Code   RO          931    i.EvrRtxThreadExit  rtx_evr.o
    0x0000083e   0x0000083e   0x00000002   Code   RO          938    i.EvrRtxThreadFlagsWaitCompleted  rtx_evr.o
    0x00000840   0x00000840   0x00000002   Code   RO          941    i.EvrRtxThreadFlagsWaitTimeout  rtx_evr.o
    0x00000842   0x00000842   0x00000002   Code   RO          951    i.EvrRtxThreadJoined  rtx_evr.o
    0x00000844   0x00000844   0x00000002   Code   RO          952    i.EvrRtxThreadNew   rtx_evr.o
    0x00000846   0x00000846   0x00000002   Code   RO          953    i.EvrRtxThreadPreempted  rtx_evr.o
    0x00000848   0x00000848   0x00000002   Code   RO          959    i.EvrRtxThreadSwitched  rtx_evr.o
    0x0000084a   0x0000084a   0x00000002   Code   RO          961    i.EvrRtxThreadUnblocked  rtx_evr.o
    0x0000084c   0x0000084c   0x00000002   Code   RO          962    i.EvrRtxThreadYield  rtx_evr.o
    0x0000084e   0x0000084e   0x00000002   Code   RO          963    i.EvrRtxTimerCallback  rtx_evr.o
    0x00000850   0x00000850   0x00000006   Code   RO          313    i.Free              uart.o
    0x00000856   0x00000856   0x00000002   PAD
    0x00000858   0x00000858   0x00000024   Code   RO          314    i.FreeRcv           uart.o
    0x0000087c   0x0000087c   0x00000024   Code   RO          315    i.FreeSnd           uart.o
    0x000008a0   0x000008a0   0x00000068   Code   RO            4    i.GLCD_Bargraph     glcd_spi_lpc1700.o
    0x00000908   0x00000908   0x00000052   Code   RO            5    i.GLCD_Bitmap       glcd_spi_lpc1700.o
    0x0000095a   0x0000095a   0x0000002a   Code   RO            6    i.GLCD_Clear        glcd_spi_lpc1700.o
    0x00000984   0x00000984   0x0000005c   Code   RO            8    i.GLCD_DisplayChar  glcd_spi_lpc1700.o
    0x000009e0   0x000009e0   0x00000028   Code   RO            9    i.GLCD_DisplayString  glcd_spi_lpc1700.o
    0x00000a08   0x00000a08   0x0000009c   Code   RO           10    i.GLCD_DrawChar     glcd_spi_lpc1700.o
    0x00000aa4   0x00000aa4   0x000005e8   Code   RO           11    i.GLCD_Init         glcd_spi_lpc1700.o
    0x0000108c   0x0000108c   0x0000000c   Code   RO           14    i.GLCD_SetBackColor  glcd_spi_lpc1700.o
    0x00001098   0x00001098   0x0000000c   Code   RO           15    i.GLCD_SetTextColor  glcd_spi_lpc1700.o
    0x000010a4   0x000010a4   0x000000ac   Code   RO           16    i.GLCD_SetWindow    glcd_spi_lpc1700.o
    0x00001150   0x00001150   0x00000012   Code   RO           17    i.GLCD_WindowMax    glcd_spi_lpc1700.o
    0x00001162   0x00001162   0x00000018   Code   RO          569    i.IsIrqMasked       rtx_delay.o
    0x0000117a   0x0000117a   0x00000018   Code   RO         1829    i.IsIrqMasked       rtx_kernel.o
    0x00001192   0x00001192   0x00000018   Code   RO         2290    i.IsIrqMasked       rtx_msgqueue.o
    0x000011aa   0x000011aa   0x00000018   Code   RO         2468    i.IsIrqMasked       rtx_mutex.o
    0x000011c2   0x000011c2   0x00000018   Code   RO         2757    i.IsIrqMasked       rtx_thread.o
    0x000011da   0x000011da   0x00000010   Code   RO          570    i.IsIrqMode         rtx_delay.o
    0x000011ea   0x000011ea   0x00000010   Code   RO         1830    i.IsIrqMode         rtx_kernel.o
    0x000011fa   0x000011fa   0x00000010   Code   RO         2291    i.IsIrqMode         rtx_msgqueue.o
    0x0000120a   0x0000120a   0x00000010   Code   RO         2469    i.IsIrqMode         rtx_mutex.o
    0x0000121a   0x0000121a   0x00000010   Code   RO         2758    i.IsIrqMode         rtx_thread.o
    0x0000122a   0x0000122a   0x0000000a   Code   RO         2075    i.MemBlockPtr       rtx_memory.o
    0x00001234   0x00001234   0x00000034   Code   RO         2292    i.MessageQueueGet   rtx_msgqueue.o
    0x00001268   0x00001268   0x0000004c   Code   RO         2293    i.MessageQueuePut   rtx_msgqueue.o
    0x000012b4   0x000012b4   0x00000022   Code   RO         2294    i.MessageQueueRemove  rtx_msgqueue.o
    0x000012d6   0x000012d6   0x00000008   Code   RO         3300    i.OS_Tick_AcknowledgeIRQ  os_systick.o
    0x000012de   0x000012de   0x00000002   PAD
    0x000012e0   0x000012e0   0x00000030   Code   RO         3302    i.OS_Tick_Enable    os_systick.o
    0x00001310   0x00001310   0x00000006   Code   RO         3305    i.OS_Tick_GetIRQn   os_systick.o
    0x00001316   0x00001316   0x00000002   PAD
    0x00001318   0x00001318   0x00000050   Code   RO         3308    i.OS_Tick_Setup     os_systick.o
    0x00001368   0x00001368   0x00000140   Code   RO         3415    i.SystemInit        system_lpc17xx.o
    0x000014a8   0x000014a8   0x00000056   Code   RO         2759    i.ThreadFlagsCheck  rtx_thread.o
    0x000014fe   0x000014fe   0x00000002   PAD
    0x00001500   0x00001500   0x00000040   Code   RO         3176    i.TimerInsert       rtx_timer.o
    0x00001540   0x00001540   0x00000018   Code   RO         3178    i.TimerUnlink       rtx_timer.o
    0x00001558   0x00001558   0x00000068   Code   RO          319    i.UART0_IRQHandler  uart.o
    0x000015c0   0x000015c0   0x00000070   Code   RO          320    i.UART1_IRQHandler  uart.o
    0x00001630   0x00001630   0x000000bc   Code   RO          321    i.UARTInit          uart.o
    0x000016ec   0x000016ec   0x00000024   Code   RO          325    i.UARTSendChar      uart.o
    0x00001710   0x00001710   0x00000020   Code   RO         3506    i.__0printf$1       mc_w.l(printf1.o)
    0x00001730   0x00001730   0x00000028   Code   RO         3508    i.__0sprintf$1      mc_w.l(printf1.o)
    0x00001758   0x00001758   0x0000001a   Code   RO          326    i.__NVIC_EnableIRQ  uart.o
    0x00001772   0x00001772   0x0000000e   Code   RO         3791    i.__scatterload_copy  mc_w.l(handlers.o)
    0x00001780   0x00001780   0x00000002   Code   RO         3792    i.__scatterload_null  mc_w.l(handlers.o)
    0x00001782   0x00001782   0x0000000e   Code   RO         3793    i.__scatterload_zeroinit  mc_w.l(handlers.o)
    0x00001790   0x00001790   0x00000154   Code   RO         3513    i._printf_core      mc_w.l(printf1.o)
    0x000018e4   0x000018e4   0x0000000a   Code   RO         3515    i._sputc            mc_w.l(printf1.o)
    0x000018ee   0x000018ee   0x0000000e   Code   RO           20    i.delay             glcd_spi_lpc1700.o
    0x000018fc   0x000018fc   0x0000007c   Code   RO          427    i.display           main.o
    0x00001978   0x00001978   0x0000001c   Code   RO          546    i.drawApple         apple.o
    0x00001994   0x00001994   0x0000000e   Code   RO          250    i.fputc             retarget.o
    0x000019a2   0x000019a2   0x00000002   PAD
    0x000019a4   0x000019a4   0x000000b0   Code   RO          428    i.gameOver          main.o
    0x00001a54   0x00001a54   0x00000048   Code   RO          327    i.getFrequency      uart.o
    0x00001a9c   0x00001a9c   0x00000038   Code   RO          429    i.hitSelf           main.o
    0x00001ad4   0x00001ad4   0x00000096   Code   RO         2295    i.isrRtxMessageQueueGet  rtx_msgqueue.o
    0x00001b6a   0x00001b6a   0x0000009e   Code   RO         2296    i.isrRtxMessageQueuePut  rtx_msgqueue.o
    0x00001c08   0x00001c08   0x00000034   Code   RO         2701    i.isr_queue_get     rtx_system.o
    0x00001c3c   0x00001c3c   0x0000003c   Code   RO         2702    i.isr_queue_put     rtx_system.o
    0x00001c78   0x00001c78   0x0000008c   Code   RO          430    i.main              main.o
    0x00001d04   0x00001d04   0x0000006c   Code   RO         3723    i.malloc            mc_w.l(malloc.o)
    0x00001d70   0x00001d70   0x000001a0   Code   RO          431    i.moveSnek          main.o
    0x00001f10   0x00001f10   0x0000003c   Code   RO          571    i.osDelay           rtx_delay.o
    0x00001f4c   0x00001f4c   0x0000002c   Code   RO         1839    i.osKernelGetTickFreq  rtx_kernel.o
    0x00001f78   0x00001f78   0x00000034   Code   RO         1840    i.osKernelInitialize  rtx_kernel.o
    0x00001fac   0x00001fac   0x00000034   Code   RO         1844    i.osKernelStart     rtx_kernel.o
    0x00001fe0   0x00001fe0   0x00000054   Code   RO         2298    i.osMessageQueueGet  rtx_msgqueue.o
    0x00002034   0x00002034   0x0000004c   Code   RO         2304    i.osMessageQueueNew  rtx_msgqueue.o
    0x00002080   0x00002080   0x00000054   Code   RO         2305    i.osMessageQueuePut  rtx_msgqueue.o
    0x000020d4   0x000020d4   0x00000044   Code   RO         2470    i.osMutexAcquire    rtx_mutex.o
    0x00002118   0x00002118   0x0000003c   Code   RO         2474    i.osMutexNew        rtx_mutex.o
    0x00002154   0x00002154   0x0000003c   Code   RO         2475    i.osMutexRelease    rtx_mutex.o
    0x00002190   0x00002190   0x00000020   Code   RO         3374    i.osRtxErrorNotify  rtx_config.o
    0x000021b0   0x000021b0   0x00000004   Code   RO         3375    i.osRtxIdleThread   rtx_config.o
    0x000021b4   0x000021b4   0x0000000c   Code   RO         2763    i.osRtxKernelGetState  rtx_thread.o
    0x000021c0   0x000021c0   0x000000ee   Code   RO         2076    i.osRtxMemoryAlloc  rtx_memory.o
    0x000022ae   0x000022ae   0x0000007c   Code   RO         2077    i.osRtxMemoryFree   rtx_memory.o
    0x0000232a   0x0000232a   0x0000006a   Code   RO         2078    i.osRtxMemoryInit   rtx_memory.o
    0x00002394   0x00002394   0x0000003a   Code   RO         2136    i.osRtxMemoryPoolAlloc  rtx_mempool.o
    0x000023ce   0x000023ce   0x0000004e   Code   RO         2137    i.osRtxMemoryPoolFree  rtx_mempool.o
    0x0000241c   0x0000241c   0x00000058   Code   RO         2138    i.osRtxMemoryPoolInit  rtx_mempool.o
    0x00002474   0x00002474   0x00000128   Code   RO         2307    i.osRtxMessageQueuePostProcess  rtx_msgqueue.o
    0x0000259c   0x0000259c   0x0000005e   Code   RO         2476    i.osRtxMutexOwnerRelease  rtx_mutex.o
    0x000025fa   0x000025fa   0x00000002   PAD
    0x000025fc   0x000025fc   0x00000084   Code   RO         2703    i.osRtxPendSV_Handler  rtx_system.o
    0x00002680   0x00002680   0x0000003c   Code   RO         2704    i.osRtxPostProcess  rtx_system.o
    0x000026bc   0x000026bc   0x00000040   Code   RO         2764    i.osRtxThreadBlock  rtx_thread.o
    0x000026fc   0x000026fc   0x00000068   Code   RO         2765    i.osRtxThreadDelayInsert  rtx_thread.o
    0x00002764   0x00002764   0x00000074   Code   RO         2766    i.osRtxThreadDelayRemove  rtx_thread.o
    0x000027d8   0x000027d8   0x000000dc   Code   RO         2767    i.osRtxThreadDelayTick  rtx_thread.o
    0x000028b4   0x000028b4   0x00000070   Code   RO         2768    i.osRtxThreadDispatch  rtx_thread.o
    0x00002924   0x00002924   0x00000060   Code   RO         2769    i.osRtxThreadFree   rtx_thread.o
    0x00002984   0x00002984   0x0000000c   Code   RO         2770    i.osRtxThreadGetRunning  rtx_thread.o
    0x00002990   0x00002990   0x0000001c   Code   RO         2771    i.osRtxThreadListGet  rtx_thread.o
    0x000029ac   0x000029ac   0x00000032   Code   RO         2772    i.osRtxThreadListPut  rtx_thread.o
    0x000029de   0x000029de   0x0000001a   Code   RO         2773    i.osRtxThreadListRemove  rtx_thread.o
    0x000029f8   0x000029f8   0x00000012   Code   RO         2774    i.osRtxThreadListRoot  rtx_thread.o
    0x00002a0a   0x00002a0a   0x0000002a   Code   RO         2775    i.osRtxThreadListSort  rtx_thread.o
    0x00002a34   0x00002a34   0x00000040   Code   RO         2777    i.osRtxThreadPostProcess  rtx_thread.o
    0x00002a74   0x00002a74   0x00000018   Code   RO         2778    i.osRtxThreadReadyPut  rtx_thread.o
    0x00002a8c   0x00002a8c   0x0000000e   Code   RO         2779    i.osRtxThreadRegPtr  rtx_thread.o
    0x00002a9a   0x00002a9a   0x00000002   PAD
    0x00002a9c   0x00002a9c   0x0000000c   Code   RO         2780    i.osRtxThreadSetRunning  rtx_thread.o
    0x00002aa8   0x00002aa8   0x0000002c   Code   RO         2781    i.osRtxThreadStackCheck  rtx_thread.o
    0x00002ad4   0x00002ad4   0x00000060   Code   RO         2782    i.osRtxThreadStartup  rtx_thread.o
    0x00002b34   0x00002b34   0x0000001c   Code   RO         2783    i.osRtxThreadSwitch  rtx_thread.o
    0x00002b50   0x00002b50   0x00000054   Code   RO         2784    i.osRtxThreadWaitEnter  rtx_thread.o
    0x00002ba4   0x00002ba4   0x00000036   Code   RO         2785    i.osRtxThreadWaitExit  rtx_thread.o
    0x00002bda   0x00002bda   0x00000002   PAD
    0x00002bdc   0x00002bdc   0x000000a0   Code   RO         2705    i.osRtxTick_Handler  rtx_system.o
    0x00002c7c   0x00002c7c   0x00000058   Code   RO         3179    i.osRtxTimerThread  rtx_timer.o
    0x00002cd4   0x00002cd4   0x0000005c   Code   RO         3180    i.osRtxTimerTick    rtx_timer.o
    0x00002d30   0x00002d30   0x00000020   Code   RO         2788    i.osThreadExit      rtx_thread.o
    0x00002d50   0x00002d50   0x0000004c   Code   RO         2801    i.osThreadNew       rtx_thread.o
    0x00002d9c   0x00002d9c   0x00000038   Code   RO         2806    i.osThreadYield     rtx_thread.o
    0x00002dd4   0x00002dd4   0x00000084   Code   RO          432    i.placeApple        main.o
    0x00002e58   0x00002e58   0x00000034   Code   RO          433    i.pushButton        main.o
    0x00002e8c   0x00002e8c   0x0000008c   Code   RO           21    i.rd_id_man         glcd_spi_lpc1700.o
    0x00002f18   0x00002f18   0x00000048   Code   RO           22    i.rd_reg            glcd_spi_lpc1700.o
    0x00002f60   0x00002f60   0x00000084   Code   RO          434    i.readJoy           main.o
    0x00002fe4   0x00002fe4   0x00000098   Code   RO          435    i.reset             main.o
    0x0000307c   0x0000307c   0x00000044   Code   RO          252    i.sendchar          retarget.o
    0x000030c0   0x000030c0   0x00000020   Code   RO           23    i.spi_tran          glcd_spi_lpc1700.o
    0x000030e0   0x000030e0   0x00000080   Code   RO           24    i.spi_tran_man      glcd_spi_lpc1700.o
    0x00003160   0x00003160   0x000000bc   Code   RO          436    i.start             main.o
    0x0000321c   0x0000321c   0x00000018   Code   RO          573    i.svcRtxDelay       rtx_delay.o
    0x00003234   0x00003234   0x00000014   Code   RO         1852    i.svcRtxKernelGetTickFreq  rtx_kernel.o
    0x00003248   0x00003248   0x00000264   Code   RO         1853    i.svcRtxKernelInitialize  rtx_kernel.o
    0x000034ac   0x000034ac   0x000000e8   Code   RO         1857    i.svcRtxKernelStart  rtx_kernel.o
    0x00003594   0x00003594   0x00000158   Code   RO         2309    i.svcRtxMessageQueueGet  rtx_msgqueue.o
    0x000036ec   0x000036ec   0x00000198   Code   RO         2315    i.svcRtxMessageQueueNew  rtx_msgqueue.o
    0x00003884   0x00003884   0x00000140   Code   RO         2316    i.svcRtxMessageQueuePut  rtx_msgqueue.o
    0x000039c4   0x000039c4   0x00000120   Code   RO         2477    i.svcRtxMutexAcquire  rtx_mutex.o
    0x00003ae4   0x00003ae4   0x000000b0   Code   RO         2481    i.svcRtxMutexNew    rtx_mutex.o
    0x00003b94   0x00003b94   0x0000011c   Code   RO         2482    i.svcRtxMutexRelease  rtx_mutex.o
    0x00003cb0   0x00003cb0   0x00000094   Code   RO         2809    i.svcRtxThreadExit  rtx_thread.o
    0x00003d44   0x00003d44   0x00000274   Code   RO         2822    i.svcRtxThreadNew   rtx_thread.o
    0x00003fb8   0x00003fb8   0x00000048   Code   RO         2827    i.svcRtxThreadYield  rtx_thread.o
    0x00004000   0x00004000   0x000000ac   Code   RO          437    i.turnOn            main.o
    0x000040ac   0x000040ac   0x00000028   Code   RO           25    i.wr_cmd            glcd_spi_lpc1700.o
    0x000040d4   0x000040d4   0x00000028   Code   RO           26    i.wr_dat            glcd_spi_lpc1700.o
    0x000040fc   0x000040fc   0x00000012   Code   RO           27    i.wr_dat_only       glcd_spi_lpc1700.o
    0x0000410e   0x0000410e   0x00000002   PAD
    0x00004110   0x00004110   0x00000014   Code   RO           28    i.wr_dat_start      glcd_spi_lpc1700.o
    0x00004124   0x00004124   0x0000000c   Code   RO           29    i.wr_dat_stop       glcd_spi_lpc1700.o
    0x00004130   0x00004130   0x00000014   Code   RO           30    i.wr_reg            glcd_spi_lpc1700.o
    0x00004144   0x00004144   0x00001880   Data   RO           31    .constdata          glcd_spi_lpc1700.o
    0x000059c4   0x000059c4   0x00000321   Data   RO          547    .constdata          apple.o
    0x00005ce5   0x00005ce5   0x00000003   PAD
    0x00005ce8   0x00005ce8   0x00000064   Data   RO         2046    .constdata          rtx_lib.o
    0x00005d4c   0x00005d4c   0x0000000b   Data   RO         1860    .conststrlit        rtx_kernel.o
    0x00005d57   0x00005d57   0x00000001   PAD
    0x00005d58   0x00005d58   0x00000068   Data   RO         2048    .rodata             rtx_lib.o
    0x00005dc0   0x00005dc0   0x00000020   Data   RO         3789    Region$$Table       anon$$obj.o


    Execution Region ER_RW (Exec base: 0x10000000, Load base: 0x00005de0, Size: 0x00001454, Max: 0xffffffff, ABSOLUTE, COMPRESSED[0x00000044])

    Exec Addr    Load Addr    Size         Type   Attr      Idx    E Section Name        Object

    0x10000000   COMPRESSED   0x00001040   Data   RW         2041    .bss.os             rtx_lib.o
    0x10001040   COMPRESSED   0x00000034   Data   RW         2042    .bss.os.msgqueue.cb  rtx_lib.o
    0x10001074   COMPRESSED   0x00000050   Data   RW         2043    .bss.os.msgqueue.mem  rtx_lib.o
    0x100010c4   COMPRESSED   0x00000088   Data   RW         2044    .bss.os.thread.cb   rtx_lib.o
    0x1000114c   COMPRESSED   0x00000004   PAD
    0x10001150   COMPRESSED   0x00000200   Data   RW         2045    .bss.os.thread.stack  rtx_lib.o
    0x10001350   COMPRESSED   0x00000005   Data   RW           32    .data               glcd_spi_lpc1700.o
    0x10001355   COMPRESSED   0x00000003   PAD
    0x10001358   COMPRESSED   0x0000000c   Data   RW          253    .data               retarget.o
    0x10001364   COMPRESSED   0x00000020   Data   RW          329    .data               uart.o
    0x10001384   COMPRESSED   0x00000018   Data   RW          439    .data               main.o
    0x1000139c   COMPRESSED   0x00000001   Data   RW         3309    .data               os_systick.o
    0x1000139d   COMPRESSED   0x00000003   PAD
    0x100013a0   COMPRESSED   0x00000004   Data   RW         3416    .data               system_lpc17xx.o
    0x100013a4   COMPRESSED   0x00000004   Data   RW         3453    .data               mc_w.l(rand.o)
    0x100013a8   COMPRESSED   0x00000004   Data   RW         3770    .data               mc_w.l(mvars.o)
    0x100013ac   COMPRESSED   0x00000004   Data   RW         3771    .data               mc_w.l(mvars.o)
    0x100013b0   COMPRESSED   0x000000a4   Data   RW         1861    .data.os            rtx_kernel.o


    Execution Region ER_ZI (Exec base: 0x10001454, Load base: 0x00005e24, Size: 0x00004084, Max: 0xffffffff, ABSOLUTE)

    Exec Addr    Load Addr    Size         Type   Attr      Idx    E Section Name        Object

    0x10001454        -       0x00000080   Zero   RW          328    .bss                uart.o
    0x100014d4   0x00005e24   0x00000004   PAD
    0x100014d8        -       0x00002000   Zero   RW         3402    HEAP                startup_lpc17xx.o
    0x100034d8        -       0x00002000   Zero   RW         3401    STACK               startup_lpc17xx.o


==============================================================================

Image component sizes


      Code (inc. data)   RO Data    RW Data    ZI Data      Debug   Object Name

        28          4        801          0          0       1088   apple.o
      2778        100       6272          5          0      36859   glcd_spi_lpc1700.o
       148         10          0          0          0        604   irq_cm3.o
      1740        276          0         24          0      10726   main.o
       142         24          0          1          0       2380   os_systick.o
        82          4          0         12          0       2974   retarget.o
        36          6          0          0          0        989   rtx_config.o
       124          4          0          0          0      19965   rtx_delay.o
       110          0          0          0          0      31147   rtx_evr.o
      1052         44         11        164          0      19708   rtx_kernel.o
         0          0        204       4940          0       8503   rtx_lib.o
       478          0          0          0          0       4099   rtx_memory.o
       564          0          0          0          0       3951   rtx_mempool.o
      2462         34          0          0          0      21792   rtx_msgqueue.o
      1070         28          0          0          0      10232   rtx_mutex.o
       804         40          0          0          0       9761   rtx_system.o
      2798        138          0          0          0      28650   rtx_thread.o
       268         28          0          0          0       3259   rtx_timer.o
        40         12        204          0      16384       1024   startup_lpc17xx.o
       320         18          0          4          0        839   system_lpc17xx.o
       616         86          0         32        128      32675   uart.o

    ----------------------------------------------------------------------
     15678        856       7528       5192      16516     251225   Object Totals
         0          0         32          0          0          0   (incl. Generated)
        18          0          4         10          4          0   (incl. Padding)

    ----------------------------------------------------------------------

      Code (inc. data)   RO Data    RW Data    ZI Data      Debug   Library Member Name

        58          0          0          0          0          0   __dczerorl.o
         0          0          0          0          0          0   entry.o
         0          0          0          0          0          0   entry10a.o
         0          0          0          0          0          0   entry11a.o
         8          4          0          0          0          0   entry2.o
         4          0          0          0          0          0   entry5.o
         0          0          0          0          0          0   entry7b.o
         0          0          0          0          0          0   entry8b.o
         8          4          0          0          0          0   entry9a.o
        30          0          0          0          0          0   handlers.o
        36          8          0          0          0         68   init.o
       108         16          0          0          0         84   malloc.o
        36          0          0          0          0         68   memcpya.o
        36          0          0          0          0        108   memseta.o
         0          0          0          8          0          0   mvars.o
       422         20          0          0          0        336   printf1.o
        36         10          0          4          0        136   rand.o
        44          0          0          0          0         80   uidiv.o

    ----------------------------------------------------------------------
       826         62          0         12          0        880   Library Totals
         0          0          0          0          0          0   (incl. Padding)

    ----------------------------------------------------------------------

      Code (inc. data)   RO Data    RW Data    ZI Data      Debug   Library Name

       826         62          0         12          0        880   mc_w.l

    ----------------------------------------------------------------------
       826         62          0         12          0        880   Library Totals

    ----------------------------------------------------------------------

==============================================================================


      Code (inc. data)   RO Data    RW Data    ZI Data      Debug   

     16504        918       7528       5204      16516     242041   Grand Totals
     16504        918       7528         68      16516     242041   ELF Image Totals (compressed)
     16504        918       7528         68          0          0   ROM Totals

==============================================================================

    Total RO  Size (Code + RO Data)                24032 (  23.47kB)
    Total RW  Size (RW Data + ZI Data)             21720 (  21.21kB)
    Total ROM Size (Code + RO Data + RW Data)      24100 (  23.54kB)

==============================================================================

